Sep  3 18:25:34 cu-cs-vm anacron[22165]: Job `cron.daily' terminated
Sep  3 18:25:34 cu-cs-vm anacron[22165]: Job `cron.weekly' started
Sep  3 18:25:34 cu-cs-vm anacron[18223]: Updated timestamp for job `cron.weekly' to 2015-09-03
Sep  3 18:28:03 cu-cs-vm anacron[22165]: Job `cron.weekly' terminated
Sep  3 18:28:03 cu-cs-vm anacron[22165]: Normal exit (2 jobs run)
Sep  3 18:25:29 cu-cs-vm rsyslogd: [origin software="rsyslogd" swVersion="7.4.4" x-pid="544" x-info="http://www.rsyslog.com"] rsyslogd was HUPed
Sep  3 18:46:04 cu-cs-vm rsyslogd: [origin software="rsyslogd" swVersion="7.4.4" x-pid="544" x-info="http://www.rsyslog.com"] exiting on signal 15.
Sep  4 15:39:09 cu-cs-vm rsyslogd: [origin software="rsyslogd" swVersion="7.4.4" x-pid="538" x-info="http://www.rsyslog.com"] start
Sep  4 15:39:09 cu-cs-vm rsyslogd: rsyslogd's groupid changed to 104
Sep  4 15:39:09 cu-cs-vm rsyslogd: rsyslogd's userid changed to 101
Sep  4 15:39:09 cu-cs-vm kernel: [    0.000000] Initializing cgroup subsys cpuset
Sep  4 15:39:09 cu-cs-vm kernel: [    0.000000] Initializing cgroup subsys cpu
Sep  4 15:39:09 cu-cs-vm kernel: [    0.000000] Initializing cgroup subsys cpuacct
Sep  4 15:39:09 cu-cs-vm kernel: [    0.000000] Linux version 3.13.11-ckt25banana (root@cu-cs-vm) (gcc version 4.8.4 (Ubuntu 4.8.4-2ubuntu1~14.04) ) #1 SMP Thu Sep 3 18:14:56 MDT 2015 (Ubuntu 3.19.0-27.29~14.04.1-generic 3.19.8-ckt5)
Sep  4 15:39:09 cu-cs-vm kernel: [    0.000000] Command line: BOOT_IMAGE=/@/boot/vmlinuz-3.13.11-ckt25banana root=UUID=63bfbefa-043b-4015-b46d-90a73b0826fe ro rootflags=subvol=@ crashkernel=384M-:128M
Sep  4 15:39:09 cu-cs-vm kernel: [    0.000000] KERNEL supported cpus:
Sep  4 15:39:09 cu-cs-vm kernel: [    0.000000]   Intel GenuineIntel
Sep  4 15:39:09 cu-cs-vm kernel: [    0.000000]   AMD AuthenticAMD
Sep  4 15:39:09 cu-cs-vm kernel: [    0.000000]   Centaur CentaurHauls
Sep  4 15:39:09 cu-cs-vm kernel: [    0.000000] e820: BIOS-provided physical RAM map:
Sep  4 15:39:09 cu-cs-vm kernel: [    0.000000] BIOS-e820: [mem 0x0000000000000000-0x000000000009fbff] usable
Sep  4 15:39:09 cu-cs-vm kernel: [    0.000000] BIOS-e820: [mem 0x000000000009fc00-0x000000000009ffff] reserved
Sep  4 15:39:09 cu-cs-vm kernel: [    0.000000] BIOS-e820: [mem 0x00000000000f0000-0x00000000000fffff] reserved
Sep  4 15:39:09 cu-cs-vm kernel: [    0.000000] BIOS-e820: [mem 0x0000000000100000-0x00000000dbfeffff] usable
Sep  4 15:39:09 cu-cs-vm kernel: [    0.000000] BIOS-e820: [mem 0x00000000dbff0000-0x00000000dbffffff] ACPI data
Sep  4 15:39:09 cu-cs-vm kernel: [    0.000000] BIOS-e820: [mem 0x00000000fffc0000-0x00000000ffffffff] reserved
Sep  4 15:39:09 cu-cs-vm kernel: [    0.000000] BIOS-e820: [mem 0x0000000100000000-0x0000000189ffffff] usable
Sep  4 15:39:09 cu-cs-vm kernel: [    0.000000] NX (Execute Disable) protection: active
Sep  4 15:39:09 cu-cs-vm kernel: [    0.000000] SMBIOS 2.5 present.
Sep  4 15:39:09 cu-cs-vm kernel: [    0.000000] DMI: innotek GmbH VirtualBox/VirtualBox, BIOS VirtualBox 12/01/2006
Sep  4 15:39:09 cu-cs-vm kernel: [    0.000000] e820: update [mem 0x00000000-0x00000fff] usable ==> reserved
Sep  4 15:39:09 cu-cs-vm kernel: [    0.000000] e820: remove [mem 0x000a0000-0x000fffff] usable
Sep  4 15:39:09 cu-cs-vm kernel: [    0.000000] No AGP bridge found
Sep  4 15:39:09 cu-cs-vm kernel: [    0.000000] e820: last_pfn = 0x18a000 max_arch_pfn = 0x400000000
Sep  4 15:39:09 cu-cs-vm kernel: [    0.000000] MTRR default type: uncachable
Sep  4 15:39:09 cu-cs-vm kernel: [    0.000000] MTRR variable ranges disabled:
Sep  4 15:39:09 cu-cs-vm kernel: [    0.000000] x86 PAT enabled: cpu 0, old 0x7040600070406, new 0x7010600070106
Sep  4 15:39:09 cu-cs-vm kernel: [    0.000000] CPU MTRRs all blank - virtualized system.
Sep  4 15:39:09 cu-cs-vm kernel: [    0.000000] e820: last_pfn = 0xdbff0 max_arch_pfn = 0x400000000
Sep  4 15:39:09 cu-cs-vm kernel: [    0.000000] found SMP MP-table at [mem 0x0009fff0-0x0009ffff] mapped at [ffff88000009fff0]
Sep  4 15:39:09 cu-cs-vm kernel: [    0.000000] Scanning 1 areas for low memory corruption
Sep  4 15:39:09 cu-cs-vm kernel: [    0.000000] Base memory trampoline at [ffff880000099000] 99000 size 24576
Sep  4 15:39:09 cu-cs-vm kernel: [    0.000000] init_memory_mapping: [mem 0x00000000-0x000fffff]
Sep  4 15:39:09 cu-cs-vm kernel: [    0.000000]  [mem 0x00000000-0x000fffff] page 4k
Sep  4 15:39:09 cu-cs-vm kernel: [    0.000000] BRK [0x01fcf000, 0x01fcffff] PGTABLE
Sep  4 15:39:09 cu-cs-vm kernel: [    0.000000] BRK [0x01fd0000, 0x01fd0fff] PGTABLE
Sep  4 15:39:09 cu-cs-vm kernel: [    0.000000] BRK [0x01fd1000, 0x01fd1fff] PGTABLE
Sep  4 15:39:09 cu-cs-vm kernel: [    0.000000] init_memory_mapping: [mem 0x189e00000-0x189ffffff]
Sep  4 15:39:09 cu-cs-vm kernel: [    0.000000]  [mem 0x189e00000-0x189ffffff] page 2M
Sep  4 15:39:09 cu-cs-vm kernel: [    0.000000] BRK [0x01fd2000, 0x01fd2fff] PGTABLE
Sep  4 15:39:09 cu-cs-vm kernel: [    0.000000] init_memory_mapping: [mem 0x188000000-0x189dfffff]
Sep  4 15:39:09 cu-cs-vm kernel: [    0.000000]  [mem 0x188000000-0x189dfffff] page 2M
Sep  4 15:39:09 cu-cs-vm kernel: [    0.000000] init_memory_mapping: [mem 0x180000000-0x187ffffff]
Sep  4 15:39:09 cu-cs-vm kernel: [    0.000000]  [mem 0x180000000-0x187ffffff] page 2M
Sep  4 15:39:09 cu-cs-vm kernel: [    0.000000] init_memory_mapping: [mem 0x00100000-0xdbfeffff]
Sep  4 15:39:09 cu-cs-vm kernel: [    0.000000]  [mem 0x00100000-0x001fffff] page 4k
Sep  4 15:39:09 cu-cs-vm kernel: [    0.000000]  [mem 0x00200000-0xdbdfffff] page 2M
Sep  4 15:39:09 cu-cs-vm kernel: [    0.000000]  [mem 0xdbe00000-0xdbfeffff] page 4k
Sep  4 15:39:09 cu-cs-vm kernel: [    0.000000] init_memory_mapping: [mem 0x100000000-0x17fffffff]
Sep  4 15:39:09 cu-cs-vm kernel: [    0.000000]  [mem 0x100000000-0x17fffffff] page 2M
Sep  4 15:39:09 cu-cs-vm kernel: [    0.000000] BRK [0x01fd3000, 0x01fd3fff] PGTABLE
Sep  4 15:39:09 cu-cs-vm kernel: [    0.000000] BRK [0x01fd4000, 0x01fd4fff] PGTABLE
Sep  4 15:39:09 cu-cs-vm kernel: [    0.000000] RAMDISK: [mem 0x35ba8000-0x36dcbfff]
Sep  4 15:39:09 cu-cs-vm kernel: [    0.000000] ACPI: RSDP 00000000000e0000 000024 (v02 VBOX  )
Sep  4 15:39:09 cu-cs-vm kernel: [    0.000000] ACPI: XSDT 00000000dbff0040 00004C (v01 VBOX   VBOXXSDT 00000001 ASL  00000061)
Sep  4 15:39:09 cu-cs-vm kernel: [    0.000000] ACPI: FACP 00000000dbff0110 0000F4 (v04 VBOX   VBOXFACP 00000001 ASL  00000061)
Sep  4 15:39:09 cu-cs-vm kernel: [    0.000000] ACPI: DSDT 00000000dbff0540 001BF1 (v01 VBOX   VBOXBIOS 00000002 INTL 20100528)
Sep  4 15:39:09 cu-cs-vm kernel: [    0.000000] ACPI: FACS 00000000dbff0240 000040
Sep  4 15:39:09 cu-cs-vm kernel: [    0.000000] ACPI: APIC 00000000dbff0280 00006C (v02 VBOX   VBOXAPIC 00000001 ASL  00000061)
Sep  4 15:39:09 cu-cs-vm kernel: [    0.000000] ACPI: HPET 00000000dbff02f0 000038 (v01 VBOX   VBOXHPET 00000001 ASL  00000061)
Sep  4 15:39:09 cu-cs-vm kernel: [    0.000000] ACPI: MCFG 00000000dbff0330 00003C (v01 VBOX   VBOXMCFG 00000001 ASL  00000061)
Sep  4 15:39:09 cu-cs-vm kernel: [    0.000000] ACPI: SSDT 00000000dbff0370 0001CC (v01 VBOX   VBOXCPUT 00000002 INTL 20100528)
Sep  4 15:39:09 cu-cs-vm kernel: [    0.000000] ACPI: Local APIC address 0xfee00000
Sep  4 15:39:09 cu-cs-vm kernel: [    0.000000] No NUMA configuration found
Sep  4 15:39:09 cu-cs-vm kernel: [    0.000000] Faking a node at [mem 0x0000000000000000-0x0000000189ffffff]
Sep  4 15:39:09 cu-cs-vm kernel: [    0.000000] Initmem setup node 0 [mem 0x00000000-0x189ffffff]
Sep  4 15:39:09 cu-cs-vm kernel: [    0.000000]   NODE_DATA [mem 0x189ff7000-0x189ffbfff]
Sep  4 15:39:09 cu-cs-vm kernel: [    0.000000] Reserving 128MB of memory at 720MB for crashkernel (System RAM: 5727MB)
Sep  4 15:39:09 cu-cs-vm kernel: [    0.000000]  [ffffea0000000000-ffffea00063fffff] PMD -> [ffff880183a00000-ffff8801895fffff] on node 0
Sep  4 15:39:09 cu-cs-vm kernel: [    0.000000] Zone ranges:
Sep  4 15:39:09 cu-cs-vm kernel: [    0.000000]   DMA      [mem 0x00001000-0x00ffffff]
Sep  4 15:39:09 cu-cs-vm kernel: [    0.000000]   DMA32    [mem 0x01000000-0xffffffff]
Sep  4 15:39:09 cu-cs-vm kernel: [    0.000000]   Normal   [mem 0x100000000-0x189ffffff]
Sep  4 15:39:09 cu-cs-vm kernel: [    0.000000] Movable zone start for each node
Sep  4 15:39:09 cu-cs-vm kernel: [    0.000000] Early memory node ranges
Sep  4 15:39:09 cu-cs-vm kernel: [    0.000000]   node   0: [mem 0x00001000-0x0009efff]
Sep  4 15:39:09 cu-cs-vm kernel: [    0.000000]   node   0: [mem 0x00100000-0xdbfeffff]
Sep  4 15:39:09 cu-cs-vm kernel: [    0.000000]   node   0: [mem 0x100000000-0x189ffffff]
Sep  4 15:39:09 cu-cs-vm kernel: [    0.000000] On node 0 totalpages: 1466254
Sep  4 15:39:09 cu-cs-vm kernel: [    0.000000]   DMA zone: 64 pages used for memmap
Sep  4 15:39:09 cu-cs-vm kernel: [    0.000000]   DMA zone: 21 pages reserved
Sep  4 15:39:09 cu-cs-vm kernel: [    0.000000]   DMA zone: 3998 pages, LIFO batch:0
Sep  4 15:39:09 cu-cs-vm kernel: [    0.000000]   DMA32 zone: 14016 pages used for memmap
Sep  4 15:39:09 cu-cs-vm kernel: [    0.000000]   DMA32 zone: 897008 pages, LIFO batch:31
Sep  4 15:39:09 cu-cs-vm kernel: [    0.000000]   Normal zone: 8832 pages used for memmap
Sep  4 15:39:09 cu-cs-vm kernel: [    0.000000]   Normal zone: 565248 pages, LIFO batch:31
Sep  4 15:39:09 cu-cs-vm kernel: [    0.000000] ACPI: PM-Timer IO Port: 0x4008
Sep  4 15:39:09 cu-cs-vm kernel: [    0.000000] ACPI: Local APIC address 0xfee00000
Sep  4 15:39:09 cu-cs-vm kernel: [    0.000000] ACPI: LAPIC (acpi_id[0x00] lapic_id[0x00] enabled)
Sep  4 15:39:09 cu-cs-vm kernel: [    0.000000] ACPI: LAPIC (acpi_id[0x01] lapic_id[0x01] enabled)
Sep  4 15:39:09 cu-cs-vm kernel: [    0.000000] ACPI: LAPIC (acpi_id[0x02] lapic_id[0x02] enabled)
Sep  4 15:39:09 cu-cs-vm kernel: [    0.000000] ACPI: LAPIC (acpi_id[0x03] lapic_id[0x03] enabled)
Sep  4 15:39:09 cu-cs-vm kernel: [    0.000000] ACPI: IOAPIC (id[0x04] address[0xfec00000] gsi_base[0])
Sep  4 15:39:09 cu-cs-vm kernel: [    0.000000] IOAPIC[0]: apic_id 4, version 17, address 0xfec00000, GSI 0-23
Sep  4 15:39:09 cu-cs-vm kernel: [    0.000000] ACPI: INT_SRC_OVR (bus 0 bus_irq 0 global_irq 2 dfl dfl)
Sep  4 15:39:09 cu-cs-vm kernel: [    0.000000] ACPI: INT_SRC_OVR (bus 0 bus_irq 9 global_irq 9 high level)
Sep  4 15:39:09 cu-cs-vm kernel: [    0.000000] ACPI: IRQ0 used by override.
Sep  4 15:39:09 cu-cs-vm kernel: [    0.000000] ACPI: IRQ2 used by override.
Sep  4 15:39:09 cu-cs-vm kernel: [    0.000000] ACPI: IRQ9 used by override.
Sep  4 15:39:09 cu-cs-vm kernel: [    0.000000] Using ACPI (MADT) for SMP configuration information
Sep  4 15:39:09 cu-cs-vm kernel: [    0.000000] ACPI: HPET id: 0x8086a201 base: 0xfed00000
Sep  4 15:39:09 cu-cs-vm kernel: [    0.000000] smpboot: Allowing 4 CPUs, 0 hotplug CPUs
Sep  4 15:39:09 cu-cs-vm kernel: [    0.000000] nr_irqs_gsi: 40
Sep  4 15:39:09 cu-cs-vm kernel: [    0.000000] PM: Registered nosave memory: [mem 0x0009f000-0x0009ffff]
Sep  4 15:39:09 cu-cs-vm kernel: [    0.000000] PM: Registered nosave memory: [mem 0x000a0000-0x000effff]
Sep  4 15:39:09 cu-cs-vm kernel: [    0.000000] PM: Registered nosave memory: [mem 0x000f0000-0x000fffff]
Sep  4 15:39:09 cu-cs-vm kernel: [    0.000000] PM: Registered nosave memory: [mem 0xdbff0000-0xdbffffff]
Sep  4 15:39:09 cu-cs-vm kernel: [    0.000000] PM: Registered nosave memory: [mem 0xdc000000-0xfffbffff]
Sep  4 15:39:09 cu-cs-vm kernel: [    0.000000] PM: Registered nosave memory: [mem 0xfffc0000-0xffffffff]
Sep  4 15:39:09 cu-cs-vm kernel: [    0.000000] e820: [mem 0xdc000000-0xfffbffff] available for PCI devices
Sep  4 15:39:09 cu-cs-vm kernel: [    0.000000] Booting paravirtualized kernel on bare hardware
Sep  4 15:39:09 cu-cs-vm kernel: [    0.000000] setup_percpu: NR_CPUS:256 nr_cpumask_bits:256 nr_cpu_ids:4 nr_node_ids:1
Sep  4 15:39:09 cu-cs-vm kernel: [    0.000000] PERCPU: Embedded 27 pages/cpu @ffff880189c00000 s81408 r8192 d20992 u524288
Sep  4 15:39:09 cu-cs-vm kernel: [    0.000000] pcpu-alloc: s81408 r8192 d20992 u524288 alloc=1*2097152
Sep  4 15:39:09 cu-cs-vm kernel: [    0.000000] pcpu-alloc: [0] 0 1 2 3 
Sep  4 15:39:09 cu-cs-vm kernel: [    0.000000] Built 1 zonelists in Node order, mobility grouping on.  Total pages: 1443321
Sep  4 15:39:09 cu-cs-vm kernel: [    0.000000] Policy zone: Normal
Sep  4 15:39:09 cu-cs-vm kernel: [    0.000000] Kernel command line: BOOT_IMAGE=/@/boot/vmlinuz-3.13.11-ckt25banana root=UUID=63bfbefa-043b-4015-b46d-90a73b0826fe ro rootflags=subvol=@ crashkernel=384M-:128M
Sep  4 15:39:09 cu-cs-vm kernel: [    0.000000] PID hash table entries: 4096 (order: 3, 32768 bytes)
Sep  4 15:39:09 cu-cs-vm kernel: [    0.000000] xsave: enabled xstate_bv 0x7, cntxt size 0x340
Sep  4 15:39:09 cu-cs-vm kernel: [    0.000000] Checking aperture...
Sep  4 15:39:09 cu-cs-vm kernel: [    0.000000] No AGP bridge found
Sep  4 15:39:09 cu-cs-vm kernel: [    0.000000] Calgary: detecting Calgary via BIOS EBDA area
Sep  4 15:39:09 cu-cs-vm kernel: [    0.000000] Calgary: Unable to locate Rio Grande table in EBDA - bailing!
Sep  4 15:39:09 cu-cs-vm kernel: [    0.000000] Memory: 5538096K/5865016K available (7328K kernel code, 1098K rwdata, 3324K rodata, 1328K init, 1432K bss, 326920K reserved)
Sep  4 15:39:09 cu-cs-vm kernel: [    0.000000] SLUB: HWalign=64, Order=0-3, MinObjects=0, CPUs=4, Nodes=1
Sep  4 15:39:09 cu-cs-vm kernel: [    0.000000] Hierarchical RCU implementation.
Sep  4 15:39:09 cu-cs-vm kernel: [    0.000000] 	RCU dyntick-idle grace-period acceleration is enabled.
Sep  4 15:39:09 cu-cs-vm kernel: [    0.000000] 	RCU restricting CPUs from NR_CPUS=256 to nr_cpu_ids=4.
Sep  4 15:39:09 cu-cs-vm kernel: [    0.000000] 	Offload RCU callbacks from all CPUs
Sep  4 15:39:09 cu-cs-vm kernel: [    0.000000] 	Offload RCU callbacks from CPUs: 0-3.
Sep  4 15:39:09 cu-cs-vm kernel: [    0.000000] NR_IRQS:16640 nr_irqs:712 16
Sep  4 15:39:09 cu-cs-vm kernel: [    0.000000] Console: colour dummy device 80x25
Sep  4 15:39:09 cu-cs-vm kernel: [    0.000000] console [tty0] enabled
Sep  4 15:39:09 cu-cs-vm kernel: [    0.000000] allocated 24117248 bytes of page_cgroup
Sep  4 15:39:09 cu-cs-vm kernel: [    0.000000] please try 'cgroup_disable=memory' option if you don't want memory cgroups
Sep  4 15:39:09 cu-cs-vm kernel: [    0.000000] hpet clockevent registered
Sep  4 15:39:09 cu-cs-vm kernel: [    0.000000] tsc: Fast TSC calibration failed
Sep  4 15:39:09 cu-cs-vm kernel: [    0.012000] tsc: PIT calibration matches HPET. 2 loops
Sep  4 15:39:09 cu-cs-vm kernel: [    0.012000] tsc: Detected 2699.961 MHz processor
Sep  4 15:39:09 cu-cs-vm kernel: [    0.000006] Calibrating delay loop (skipped), value calculated using timer frequency.. 5399.92 BogoMIPS (lpj=10799844)
Sep  4 15:39:09 cu-cs-vm kernel: [    0.000011] pid_max: default: 32768 minimum: 301
Sep  4 15:39:09 cu-cs-vm kernel: [    0.000042] Security Framework initialized
Sep  4 15:39:09 cu-cs-vm kernel: [    0.000056] AppArmor: AppArmor initialized
Sep  4 15:39:09 cu-cs-vm kernel: [    0.000059] Yama: becoming mindful.
Sep  4 15:39:09 cu-cs-vm kernel: [    0.001964] Dentry cache hash table entries: 1048576 (order: 11, 8388608 bytes)
Sep  4 15:39:09 cu-cs-vm kernel: [    0.011058] Inode-cache hash table entries: 524288 (order: 10, 4194304 bytes)
Sep  4 15:39:09 cu-cs-vm kernel: [    0.014111] Mount-cache hash table entries: 16384 (order: 5, 131072 bytes)
Sep  4 15:39:09 cu-cs-vm kernel: [    0.014130] Mountpoint-cache hash table entries: 16384 (order: 5, 131072 bytes)
Sep  4 15:39:09 cu-cs-vm kernel: [    0.014429] Initializing cgroup subsys memory
Sep  4 15:39:09 cu-cs-vm kernel: [    0.014440] Initializing cgroup subsys devices
Sep  4 15:39:09 cu-cs-vm kernel: [    0.014445] Initializing cgroup subsys freezer
Sep  4 15:39:09 cu-cs-vm kernel: [    0.014449] Initializing cgroup subsys blkio
Sep  4 15:39:09 cu-cs-vm kernel: [    0.014453] Initializing cgroup subsys perf_event
Sep  4 15:39:09 cu-cs-vm kernel: [    0.014458] Initializing cgroup subsys net_prio
Sep  4 15:39:09 cu-cs-vm kernel: [    0.014462] Initializing cgroup subsys hugetlb
Sep  4 15:39:09 cu-cs-vm kernel: [    0.014534] CPU: Physical Processor ID: 0
Sep  4 15:39:09 cu-cs-vm kernel: [    0.014538] CPU: Processor Core ID: 0
Sep  4 15:39:09 cu-cs-vm kernel: [    0.015757] mce: CPU supports 0 MCE banks
Sep  4 15:39:09 cu-cs-vm kernel: [    0.015799] Last level iTLB entries: 4KB 0, 2MB 0, 4MB 0
Sep  4 15:39:09 cu-cs-vm kernel: [    0.015799] Last level dTLB entries: 4KB 64, 2MB 0, 4MB 0
Sep  4 15:39:09 cu-cs-vm kernel: [    0.015799] tlb_flushall_shift: 6
Sep  4 15:39:09 cu-cs-vm kernel: [    0.016091] Freeing SMP alternatives memory: 28K (ffffffff81e60000 - ffffffff81e67000)
Sep  4 15:39:09 cu-cs-vm kernel: [    0.021737] ACPI: Core revision 20131115
Sep  4 15:39:09 cu-cs-vm kernel: [    0.022762] ACPI: All ACPI Tables successfully acquired
Sep  4 15:39:09 cu-cs-vm kernel: [    0.022819] ftrace: allocating 27959 entries in 110 pages
Sep  4 15:39:09 cu-cs-vm kernel: [    0.062744] ..TIMER: vector=0x30 apic1=0 pin1=2 apic2=-1 pin2=-1
Sep  4 15:39:09 cu-cs-vm kernel: [    0.102473] smpboot: CPU0: Intel(R) Core(TM) i5-5257U CPU @ 2.70GHz (fam: 06, model: 3d, stepping: 04)
Sep  4 15:39:09 cu-cs-vm kernel: [    0.207189] Performance Events: unsupported p6 CPU model 61 no PMU driver, software events only.
Sep  4 15:39:09 cu-cs-vm kernel: [    0.208591] NMI watchdog: disabled (cpu0): hardware events not enabled
Sep  4 15:39:09 cu-cs-vm kernel: [    0.208754] x86: Booting SMP configuration:
Sep  4 15:39:09 cu-cs-vm kernel: [    0.220926] mce: CPU supports 0 MCE banks
Sep  4 15:39:09 cu-cs-vm kernel: [    0.235500] mce: CPU supports 0 MCE banks
Sep  4 15:39:09 cu-cs-vm kernel: [    0.249964] mce: CPU supports 0 MCE banks
Sep  4 15:39:09 cu-cs-vm kernel: [    0.208759] .... node  #0, CPUs:      #1 #2 #3
Sep  4 15:39:09 cu-cs-vm kernel: [    0.252164] x86: Booted up 1 node, 4 CPUs
Sep  4 15:39:09 cu-cs-vm kernel: [    0.252173] smpboot: Total of 4 processors activated (21599.68 BogoMIPS)
Sep  4 15:39:09 cu-cs-vm kernel: [    0.255680] devtmpfs: initialized
Sep  4 15:39:09 cu-cs-vm kernel: [    0.257200] EVM: security.selinux
Sep  4 15:39:09 cu-cs-vm kernel: [    0.257204] EVM: security.SMACK64
Sep  4 15:39:09 cu-cs-vm kernel: [    0.257207] EVM: security.ima
Sep  4 15:39:09 cu-cs-vm kernel: [    0.257209] EVM: security.capability
Sep  4 15:39:09 cu-cs-vm kernel: [    0.258331] pinctrl core: initialized pinctrl subsystem
Sep  4 15:39:09 cu-cs-vm kernel: [    0.258382] regulator-dummy: no parameters
Sep  4 15:39:09 cu-cs-vm kernel: [    0.258411] RTC time: 21:39:05, date: 09/04/15
Sep  4 15:39:09 cu-cs-vm kernel: [    0.258441] NET: Registered protocol family 16
Sep  4 15:39:09 cu-cs-vm kernel: [    0.258520] cpuidle: using governor ladder
Sep  4 15:39:09 cu-cs-vm kernel: [    0.258523] cpuidle: using governor menu
Sep  4 15:39:09 cu-cs-vm kernel: [    0.258553] ACPI: bus type PCI registered
Sep  4 15:39:09 cu-cs-vm kernel: [    0.258557] acpiphp: ACPI Hot Plug PCI Controller Driver version: 0.5
Sep  4 15:39:09 cu-cs-vm kernel: [    0.258626] PCI: MMCONFIG for domain 0000 [bus 00-3f] at [mem 0xdc000000-0xdfffffff] (base 0xdc000000)
Sep  4 15:39:09 cu-cs-vm kernel: [    0.258630] PCI: not using MMCONFIG
Sep  4 15:39:09 cu-cs-vm kernel: [    0.258633] PCI: Using configuration type 1 for base access
Sep  4 15:39:09 cu-cs-vm kernel: [    0.259763] bio: create slab <bio-0> at 0
Sep  4 15:39:09 cu-cs-vm kernel: [    0.260553] ACPI: Added _OSI(Module Device)
Sep  4 15:39:09 cu-cs-vm kernel: [    0.260558] ACPI: Added _OSI(Processor Device)
Sep  4 15:39:09 cu-cs-vm kernel: [    0.260561] ACPI: Added _OSI(3.0 _SCP Extensions)
Sep  4 15:39:09 cu-cs-vm kernel: [    0.260564] ACPI: Added _OSI(Processor Aggregator Device)
Sep  4 15:39:09 cu-cs-vm kernel: [    0.261048] ACPI: Executed 1 blocks of module-level executable AML code
Sep  4 15:39:09 cu-cs-vm kernel: [    0.262536] ACPI: Interpreter enabled
Sep  4 15:39:09 cu-cs-vm kernel: [    0.262542] ACPI Exception: AE_NOT_FOUND, While evaluating Sleep State [\_S1_] (20131115/hwxface-580)
Sep  4 15:39:09 cu-cs-vm kernel: [    0.262547] ACPI Exception: AE_NOT_FOUND, While evaluating Sleep State [\_S2_] (20131115/hwxface-580)
Sep  4 15:39:09 cu-cs-vm kernel: [    0.262552] ACPI Exception: AE_NOT_FOUND, While evaluating Sleep State [\_S3_] (20131115/hwxface-580)
Sep  4 15:39:09 cu-cs-vm kernel: [    0.262556] ACPI Exception: AE_NOT_FOUND, While evaluating Sleep State [\_S4_] (20131115/hwxface-580)
Sep  4 15:39:09 cu-cs-vm kernel: [    0.262562] ACPI: (supports S0 S5)
Sep  4 15:39:09 cu-cs-vm kernel: [    0.262565] ACPI: Using IOAPIC for interrupt routing
Sep  4 15:39:09 cu-cs-vm kernel: [    0.262669] PCI: MMCONFIG for domain 0000 [bus 00-3f] at [mem 0xdc000000-0xdfffffff] (base 0xdc000000)
Sep  4 15:39:09 cu-cs-vm kernel: [    0.262802] PCI: MMCONFIG at [mem 0xdc000000-0xdfffffff] reserved in ACPI motherboard resources
Sep  4 15:39:09 cu-cs-vm kernel: [    0.267863] PCI: Ignoring host bridge windows from ACPI; if necessary, use "pci=use_crs" and report a bug
Sep  4 15:39:09 cu-cs-vm kernel: [    0.267908] ACPI: No dock devices found.
Sep  4 15:39:09 cu-cs-vm kernel: [    0.270180] ACPI: PCI Root Bridge [PCI0] (domain 0000 [bus 00-ff])
Sep  4 15:39:09 cu-cs-vm kernel: [    0.270211] acpi PNP0A03:00: _OSC: OS supports [ExtendedConfig ASPM ClockPM Segments MSI]
Sep  4 15:39:09 cu-cs-vm kernel: [    0.270221] acpi PNP0A03:00: _OSC failed (AE_NOT_FOUND); disabling ASPM
Sep  4 15:39:09 cu-cs-vm kernel: [    0.270288] acpi PNP0A03:00: host bridge window [io  0x0000-0x0cf7] (ignored)
Sep  4 15:39:09 cu-cs-vm kernel: [    0.270291] acpi PNP0A03:00: host bridge window [io  0x0d00-0xffff] (ignored)
Sep  4 15:39:09 cu-cs-vm kernel: [    0.270293] acpi PNP0A03:00: host bridge window [mem 0x000a0000-0x000bffff] (ignored)
Sep  4 15:39:09 cu-cs-vm kernel: [    0.270295] acpi PNP0A03:00: host bridge window [mem 0xdc000000-0xffdfffff] (ignored)
Sep  4 15:39:09 cu-cs-vm kernel: [    0.270298] PCI: root bus 00: using default resources
Sep  4 15:39:09 cu-cs-vm kernel: [    0.270301] acpi PNP0A03:00: [Firmware Info]: MMCONFIG for domain 0000 [bus 00-3f] only partially covers this bridge
Sep  4 15:39:09 cu-cs-vm kernel: [    0.270456] PCI host bridge to bus 0000:00
Sep  4 15:39:09 cu-cs-vm kernel: [    0.270460] pci_bus 0000:00: root bus resource [bus 00-ff]
Sep  4 15:39:09 cu-cs-vm kernel: [    0.270463] pci_bus 0000:00: root bus resource [io  0x0000-0xffff]
Sep  4 15:39:09 cu-cs-vm kernel: [    0.270466] pci_bus 0000:00: root bus resource [mem 0x00000000-0x7fffffffff]
Sep  4 15:39:09 cu-cs-vm kernel: [    0.270504] pci 0000:00:02.0: [80ee:beef] type 00 class 0x030000
Sep  4 15:39:09 cu-cs-vm kernel: [    0.273587] pci 0000:00:02.0: reg 0x10: [mem 0xe0000000-0xe3ffffff pref]
Sep  4 15:39:09 cu-cs-vm kernel: [    0.309706] pci 0000:00:03.0: [8086:100e] type 00 class 0x020000
Sep  4 15:39:09 cu-cs-vm kernel: [    0.312022] pci 0000:00:03.0: reg 0x10: [mem 0xf0000000-0xf001ffff]
Sep  4 15:39:09 cu-cs-vm kernel: [    0.317725] pci 0000:00:03.0: reg 0x18: [io  0xd000-0xd007]
Sep  4 15:39:09 cu-cs-vm kernel: [    0.329953] pci 0000:00:04.0: [80ee:cafe] type 00 class 0x088000
Sep  4 15:39:09 cu-cs-vm kernel: [    0.332733] pci 0000:00:04.0: reg 0x10: [io  0xd020-0xd03f]
Sep  4 15:39:09 cu-cs-vm kernel: [    0.335831] pci 0000:00:04.0: reg 0x14: [mem 0xf0400000-0xf07fffff]
Sep  4 15:39:09 cu-cs-vm kernel: [    0.338691] pci 0000:00:04.0: reg 0x18: [mem 0xf0800000-0xf0803fff pref]
Sep  4 15:39:09 cu-cs-vm kernel: [    0.350638] pci 0000:00:05.0: [8086:2415] type 00 class 0x040100
Sep  4 15:39:09 cu-cs-vm kernel: [    0.350757] pci 0000:00:05.0: reg 0x10: [io  0xd100-0xd1ff]
Sep  4 15:39:09 cu-cs-vm kernel: [    0.350820] pci 0000:00:05.0: reg 0x14: [io  0xd200-0xd23f]
Sep  4 15:39:09 cu-cs-vm kernel: [    0.351280] pci 0000:00:07.0: [8086:7113] type 00 class 0x068000
Sep  4 15:39:09 cu-cs-vm kernel: [    0.351845] pci 0000:00:18.0: [8086:2448] type 01 class 0x060401
Sep  4 15:39:09 cu-cs-vm kernel: [    0.352145] pci 0000:00:19.0: [8086:2448] type 01 class 0x060401
Sep  4 15:39:09 cu-cs-vm kernel: [    0.352460] pci 0000:00:1f.0: [8086:27b9] type 00 class 0x060100
Sep  4 15:39:09 cu-cs-vm kernel: [    0.352825] pci 0000:00:1f.0: quirk: [io  0x8000-0x807f] claimed by ICH6 ACPI/GPIO/TCO
Sep  4 15:39:09 cu-cs-vm kernel: [    0.353049] pci 0000:00:1f.2: [8086:2829] type 00 class 0x010601
Sep  4 15:39:09 cu-cs-vm kernel: [    0.355618] pci 0000:00:1f.2: reg 0x10: [io  0xe000-0xe007]
Sep  4 15:39:09 cu-cs-vm kernel: [    0.358294] pci 0000:00:1f.2: reg 0x14: [io  0xe008-0xe00b]
Sep  4 15:39:09 cu-cs-vm kernel: [    0.361334] pci 0000:00:1f.2: reg 0x18: [io  0xe010-0xe017]
Sep  4 15:39:09 cu-cs-vm kernel: [    0.364103] pci 0000:00:1f.2: reg 0x1c: [io  0xe018-0xe01b]
Sep  4 15:39:09 cu-cs-vm kernel: [    0.366904] pci 0000:00:1f.2: reg 0x20: [io  0xe020-0xe02f]
Sep  4 15:39:09 cu-cs-vm kernel: [    0.369607] pci 0000:00:1f.2: reg 0x24: [mem 0xf0900000-0xf0901fff]
Sep  4 15:39:09 cu-cs-vm kernel: [    0.373503] pci 0000:00:1f.4: [106b:003f] type 00 class 0x0c0310
Sep  4 15:39:09 cu-cs-vm kernel: [    0.375738] pci 0000:00:1f.4: reg 0x10: [mem 0xf0902000-0xf0902fff]
Sep  4 15:39:09 cu-cs-vm kernel: [    0.394087] pci 0000:00:18.0: PCI bridge to [bus 01] (subtractive decode)
Sep  4 15:39:09 cu-cs-vm kernel: [    0.394135] pci 0000:00:18.0:   bridge window [io  0x0000-0xffff] (subtractive decode)
Sep  4 15:39:09 cu-cs-vm kernel: [    0.394138] pci 0000:00:18.0:   bridge window [mem 0x00000000-0x7fffffffff] (subtractive decode)
Sep  4 15:39:09 cu-cs-vm kernel: [    0.394395] pci 0000:00:19.0: PCI bridge to [bus 02] (subtractive decode)
Sep  4 15:39:09 cu-cs-vm kernel: [    0.394436] pci 0000:00:19.0:   bridge window [io  0x0000-0xffff] (subtractive decode)
Sep  4 15:39:09 cu-cs-vm kernel: [    0.394439] pci 0000:00:19.0:   bridge window [mem 0x00000000-0x7fffffffff] (subtractive decode)
Sep  4 15:39:09 cu-cs-vm kernel: [    0.395285] ACPI: PCI Interrupt Link [LNKA] (IRQs 5 9 10 *11)
Sep  4 15:39:09 cu-cs-vm kernel: [    0.395440] ACPI: PCI Interrupt Link [LNKB] (IRQs 5 *9 10 11)
Sep  4 15:39:09 cu-cs-vm kernel: [    0.395504] ACPI: PCI Interrupt Link [LNKC] (IRQs 5 9 10 *11)
Sep  4 15:39:09 cu-cs-vm kernel: [    0.395566] ACPI: PCI Interrupt Link [LNKD] (IRQs 5 *9 10 11)
Sep  4 15:39:09 cu-cs-vm kernel: [    0.395673] ACPI: Enabled 2 GPEs in block 00 to 07
Sep  4 15:39:09 cu-cs-vm kernel: [    0.395680] ACPI: \_SB_.PCI0: notify handler is installed
Sep  4 15:39:09 cu-cs-vm kernel: [    0.395692] Found 1 acpi root devices
Sep  4 15:39:09 cu-cs-vm kernel: [    0.395943] vgaarb: setting as boot device: PCI:0000:00:02.0
Sep  4 15:39:09 cu-cs-vm kernel: [    0.395950] vgaarb: device added: PCI:0000:00:02.0,decodes=io+mem,owns=io+mem,locks=none
Sep  4 15:39:09 cu-cs-vm kernel: [    0.395954] vgaarb: loaded
Sep  4 15:39:09 cu-cs-vm kernel: [    0.395956] vgaarb: bridge control possible 0000:00:02.0
Sep  4 15:39:09 cu-cs-vm kernel: [    0.396099] SCSI subsystem initialized
Sep  4 15:39:09 cu-cs-vm kernel: [    0.396288] libata version 3.00 loaded.
Sep  4 15:39:09 cu-cs-vm kernel: [    0.396328] ACPI: bus type USB registered
Sep  4 15:39:09 cu-cs-vm kernel: [    0.396360] usbcore: registered new interface driver usbfs
Sep  4 15:39:09 cu-cs-vm kernel: [    0.396371] usbcore: registered new interface driver hub
Sep  4 15:39:09 cu-cs-vm kernel: [    0.396498] usbcore: registered new device driver usb
Sep  4 15:39:09 cu-cs-vm kernel: [    0.396957] PCI: Using ACPI for IRQ routing
Sep  4 15:39:09 cu-cs-vm kernel: [    0.410477] PCI: pci_cache_line_size set to 64 bytes
Sep  4 15:39:09 cu-cs-vm kernel: [    0.410623] e820: reserve RAM buffer [mem 0x0009fc00-0x0009ffff]
Sep  4 15:39:09 cu-cs-vm kernel: [    0.410628] e820: reserve RAM buffer [mem 0xdbff0000-0xdbffffff]
Sep  4 15:39:09 cu-cs-vm kernel: [    0.410631] e820: reserve RAM buffer [mem 0x18a000000-0x18bffffff]
Sep  4 15:39:09 cu-cs-vm kernel: [    0.410725] NetLabel: Initializing
Sep  4 15:39:09 cu-cs-vm kernel: [    0.410729] NetLabel:  domain hash size = 128
Sep  4 15:39:09 cu-cs-vm kernel: [    0.410731] NetLabel:  protocols = UNLABELED CIPSOv4
Sep  4 15:39:09 cu-cs-vm kernel: [    0.410744] NetLabel:  unlabeled traffic allowed by default
Sep  4 15:39:09 cu-cs-vm kernel: [    0.410873] HPET: 4 timers in total, 0 timers will be used for per-cpu timer
Sep  4 15:39:09 cu-cs-vm kernel: [    0.410915] hpet0: at MMIO 0xfed00000, IRQs 2, 8, 0, 0
Sep  4 15:39:09 cu-cs-vm kernel: [    0.410923] hpet0: 4 comparators, 64-bit 14.318180 MHz counter
Sep  4 15:39:09 cu-cs-vm kernel: [    0.418901] Switched to clocksource hpet
Sep  4 15:39:09 cu-cs-vm kernel: [    0.442121] AppArmor: AppArmor Filesystem Enabled
Sep  4 15:39:09 cu-cs-vm kernel: [    0.442160] pnp: PnP ACPI init
Sep  4 15:39:09 cu-cs-vm kernel: [    0.442176] ACPI: bus type PNP registered
Sep  4 15:39:09 cu-cs-vm kernel: [    0.442261] pnp 00:00: Plug and Play ACPI device, IDs PNP0303 (active)
Sep  4 15:39:09 cu-cs-vm kernel: [    0.442270] pnp 00:01: [dma 4]
Sep  4 15:39:09 cu-cs-vm kernel: [    0.442284] pnp 00:01: Plug and Play ACPI device, IDs PNP0200 (active)
Sep  4 15:39:09 cu-cs-vm kernel: [    0.442373] pnp 00:02: Plug and Play ACPI device, IDs PNP0f03 (active)
Sep  4 15:39:09 cu-cs-vm kernel: [    0.442406] pnp 00:03: Plug and Play ACPI device, IDs PNP0400 (active)
Sep  4 15:39:09 cu-cs-vm kernel: [    0.442451] pnp 00:04: Plug and Play ACPI device, IDs PNP0b00 (active)
Sep  4 15:39:09 cu-cs-vm kernel: [    0.442516] system 00:05: [mem 0xfed00000-0xfed003ff] has been reserved
Sep  4 15:39:09 cu-cs-vm kernel: [    0.442521] system 00:05: Plug and Play ACPI device, IDs PNP0103 PNP0c01 (active)
Sep  4 15:39:09 cu-cs-vm kernel: [    0.442652] system 00:06: [mem 0xdc000000-0xdfffffff] has been reserved
Sep  4 15:39:09 cu-cs-vm kernel: [    0.442656] system 00:06: Plug and Play ACPI device, IDs PNP0c02 (active)
Sep  4 15:39:09 cu-cs-vm kernel: [    0.443080] pnp: PnP ACPI: found 7 devices
Sep  4 15:39:09 cu-cs-vm kernel: [    0.443088] ACPI: bus type PNP unregistered
Sep  4 15:39:09 cu-cs-vm kernel: [    0.458862] pci 0000:00:18.0: PCI bridge to [bus 01]
Sep  4 15:39:09 cu-cs-vm kernel: [    0.458928] pci 0000:00:19.0: PCI bridge to [bus 02]
Sep  4 15:39:09 cu-cs-vm kernel: [    0.458990] pci_bus 0000:00: resource 4 [io  0x0000-0xffff]
Sep  4 15:39:09 cu-cs-vm kernel: [    0.458993] pci_bus 0000:00: resource 5 [mem 0x00000000-0x7fffffffff]
Sep  4 15:39:09 cu-cs-vm kernel: [    0.458995] pci_bus 0000:01: resource 4 [io  0x0000-0xffff]
Sep  4 15:39:09 cu-cs-vm kernel: [    0.458998] pci_bus 0000:01: resource 5 [mem 0x00000000-0x7fffffffff]
Sep  4 15:39:09 cu-cs-vm kernel: [    0.459000] pci_bus 0000:02: resource 4 [io  0x0000-0xffff]
Sep  4 15:39:09 cu-cs-vm kernel: [    0.459002] pci_bus 0000:02: resource 5 [mem 0x00000000-0x7fffffffff]
Sep  4 15:39:09 cu-cs-vm kernel: [    0.459030] NET: Registered protocol family 2
Sep  4 15:39:09 cu-cs-vm kernel: [    0.459176] TCP established hash table entries: 65536 (order: 7, 524288 bytes)
Sep  4 15:39:09 cu-cs-vm kernel: [    0.460642] TCP bind hash table entries: 65536 (order: 8, 1048576 bytes)
Sep  4 15:39:09 cu-cs-vm kernel: [    0.460757] TCP: Hash tables configured (established 65536 bind 65536)
Sep  4 15:39:09 cu-cs-vm kernel: [    0.460782] TCP: reno registered
Sep  4 15:39:09 cu-cs-vm kernel: [    0.460793] UDP hash table entries: 4096 (order: 5, 131072 bytes)
Sep  4 15:39:09 cu-cs-vm kernel: [    0.460817] UDP-Lite hash table entries: 4096 (order: 5, 131072 bytes)
Sep  4 15:39:09 cu-cs-vm kernel: [    0.460874] NET: Registered protocol family 1
Sep  4 15:39:09 cu-cs-vm kernel: [    0.460906] pci 0000:00:02.0: Video device with shadowed ROM
Sep  4 15:39:09 cu-cs-vm kernel: [    0.462981] PCI: CLS 0 bytes, default 64
Sep  4 15:39:09 cu-cs-vm kernel: [    0.463059] Trying to unpack rootfs image as initramfs...
Sep  4 15:39:09 cu-cs-vm kernel: [    0.766314] Freeing initrd memory: 18576K (ffff880035ba8000 - ffff880036dcc000)
Sep  4 15:39:09 cu-cs-vm kernel: [    0.766333] PCI-DMA: Using software bounce buffering for IO (SWIOTLB)
Sep  4 15:39:09 cu-cs-vm kernel: [    0.766337] software IO TLB [mem 0xd7ff0000-0xdbff0000] (64MB) mapped at [ffff8800d7ff0000-ffff8800dbfeffff]
Sep  4 15:39:09 cu-cs-vm kernel: [    0.766895] microcode: CPU0 sig=0x306d4, pf=0x2, revision=0x19
Sep  4 15:39:09 cu-cs-vm kernel: [    0.766942] microcode: CPU1 sig=0x306d4, pf=0x2, revision=0x19
Sep  4 15:39:09 cu-cs-vm kernel: [    0.766998] microcode: CPU2 sig=0x306d4, pf=0x2, revision=0x19
Sep  4 15:39:09 cu-cs-vm kernel: [    0.767048] microcode: CPU3 sig=0x306d4, pf=0x2, revision=0x19
Sep  4 15:39:09 cu-cs-vm kernel: [    0.767152] microcode: Microcode Update Driver: v2.00 <tigran@aivazian.fsnet.co.uk>, Peter Oruba
Sep  4 15:39:09 cu-cs-vm kernel: [    0.767157] Scanning for low memory corruption every 60 seconds
Sep  4 15:39:09 cu-cs-vm kernel: [    0.767596] Initialise system trusted keyring
Sep  4 15:39:09 cu-cs-vm kernel: [    0.767634] audit: initializing netlink socket (disabled)
Sep  4 15:39:09 cu-cs-vm kernel: [    0.767647] type=2000 audit(1441402745.640:1): initialized
Sep  4 15:39:09 cu-cs-vm kernel: [    0.789490] HugeTLB registered 2 MB page size, pre-allocated 0 pages
Sep  4 15:39:09 cu-cs-vm kernel: [    0.790556] zbud: loaded
Sep  4 15:39:09 cu-cs-vm kernel: [    0.790922] VFS: Disk quotas dquot_6.5.2
Sep  4 15:39:09 cu-cs-vm kernel: [    0.790961] Dquot-cache hash table entries: 512 (order 0, 4096 bytes)
Sep  4 15:39:09 cu-cs-vm kernel: [    0.791402] fuse init (API version 7.22)
Sep  4 15:39:09 cu-cs-vm kernel: [    0.791460] msgmni has been set to 10852
Sep  4 15:39:09 cu-cs-vm kernel: [    0.791501] Key type big_key registered
Sep  4 15:39:09 cu-cs-vm kernel: [    0.793381] Key type asymmetric registered
Sep  4 15:39:09 cu-cs-vm kernel: [    0.793386] Asymmetric key parser 'x509' registered
Sep  4 15:39:09 cu-cs-vm kernel: [    0.793418] Block layer SCSI generic (bsg) driver version 0.4 loaded (major 252)
Sep  4 15:39:09 cu-cs-vm kernel: [    0.793573] io scheduler noop registered
Sep  4 15:39:09 cu-cs-vm kernel: [    0.793577] io scheduler deadline registered (default)
Sep  4 15:39:09 cu-cs-vm kernel: [    0.793598] io scheduler cfq registered
Sep  4 15:39:09 cu-cs-vm kernel: [    0.793646] pci_hotplug: PCI Hot Plug PCI Core version: 0.5
Sep  4 15:39:09 cu-cs-vm kernel: [    0.793657] pciehp: PCI Express Hot Plug Controller Driver version: 0.4
Sep  4 15:39:09 cu-cs-vm kernel: [    0.793688] vesafb: mode is 640x480x32, linelength=2560, pages=0
Sep  4 15:39:09 cu-cs-vm kernel: [    0.793691] vesafb: scrolling: redraw
Sep  4 15:39:09 cu-cs-vm kernel: [    0.793693] vesafb: Truecolor: size=8:8:8:8, shift=24:16:8:0
Sep  4 15:39:09 cu-cs-vm kernel: [    0.793700] mtrr: your processor doesn't support write-combining
Sep  4 15:39:09 cu-cs-vm kernel: [    0.793766] vesafb: framebuffer at 0xe0000000, mapped to 0xffffc90004e80000, using 1216k, total 1216k
Sep  4 15:39:09 cu-cs-vm kernel: [    0.794965] Console: switching to colour frame buffer device 80x30
Sep  4 15:39:09 cu-cs-vm kernel: [    0.795949] fb0: VESA VGA frame buffer device
Sep  4 15:39:09 cu-cs-vm kernel: [    0.796004] intel_idle: does not run on family 6 model 61
Sep  4 15:39:09 cu-cs-vm kernel: [    0.796707] ACPI: AC Adapter [AC] (off-line)
Sep  4 15:39:09 cu-cs-vm kernel: [    0.797097] input: Power Button as /devices/LNXSYSTM:00/LNXPWRBN:00/input/input0
Sep  4 15:39:09 cu-cs-vm kernel: [    0.797141] ACPI: Power Button [PWRF]
Sep  4 15:39:09 cu-cs-vm kernel: [    0.797911] input: Sleep Button as /devices/LNXSYSTM:00/LNXSLPBN:00/input/input1
Sep  4 15:39:09 cu-cs-vm kernel: [    0.799822] ACPI: Sleep Button [SLPF]
Sep  4 15:39:09 cu-cs-vm kernel: [    0.800732] GHES: HEST is not enabled!
Sep  4 15:39:09 cu-cs-vm kernel: [    0.801445] Serial: 8250/16550 driver, 32 ports, IRQ sharing enabled
Sep  4 15:39:09 cu-cs-vm kernel: [    0.804422] Linux agpgart interface v0.103
Sep  4 15:39:09 cu-cs-vm kernel: [    0.804458] ACPI: Battery Slot [BAT0] (battery present)
Sep  4 15:39:09 cu-cs-vm kernel: [    0.806953] brd: module loaded
Sep  4 15:39:09 cu-cs-vm kernel: [    0.808188] loop: module loaded
Sep  4 15:39:09 cu-cs-vm kernel: [    0.809524] libphy: Fixed MDIO Bus: probed
Sep  4 15:39:09 cu-cs-vm kernel: [    0.812062] tun: Universal TUN/TAP device driver, 1.6
Sep  4 15:39:09 cu-cs-vm kernel: [    0.812530] tun: (C) 1999-2004 Max Krasnyansky <maxk@qualcomm.com>
Sep  4 15:39:09 cu-cs-vm kernel: [    0.814111] PPP generic driver version 2.4.2
Sep  4 15:39:09 cu-cs-vm kernel: [    0.815263] ehci_hcd: USB 2.0 'Enhanced' Host Controller (EHCI) Driver
Sep  4 15:39:09 cu-cs-vm kernel: [    0.815858] ehci-pci: EHCI PCI platform driver
Sep  4 15:39:09 cu-cs-vm kernel: [    0.816293] ehci-platform: EHCI generic platform driver
Sep  4 15:39:09 cu-cs-vm kernel: [    0.816531] ohci_hcd: USB 1.1 'Open' Host Controller (OHCI) Driver
Sep  4 15:39:09 cu-cs-vm kernel: [    0.816885] ohci-pci: OHCI PCI platform driver
Sep  4 15:39:09 cu-cs-vm kernel: [    0.817690] ohci-pci 0000:00:1f.4: OHCI PCI host controller
Sep  4 15:39:09 cu-cs-vm kernel: [    0.818034] ohci-pci 0000:00:1f.4: new USB bus registered, assigned bus number 1
Sep  4 15:39:09 cu-cs-vm kernel: [    0.818734] ohci-pci 0000:00:1f.4: irq 23, io mem 0xf0902000
Sep  4 15:39:09 cu-cs-vm kernel: [    0.875785] usb usb1: New USB device found, idVendor=1d6b, idProduct=0001
Sep  4 15:39:09 cu-cs-vm kernel: [    0.877820] usb usb1: New USB device strings: Mfr=3, Product=2, SerialNumber=1
Sep  4 15:39:09 cu-cs-vm kernel: [    0.878513] usb usb1: Product: OHCI PCI host controller
Sep  4 15:39:09 cu-cs-vm kernel: [    0.879100] usb usb1: Manufacturer: Linux 3.13.11-ckt25banana ohci_hcd
Sep  4 15:39:09 cu-cs-vm kernel: [    0.879498] usb usb1: SerialNumber: 0000:00:1f.4
Sep  4 15:39:09 cu-cs-vm kernel: [    0.879990] hub 1-0:1.0: USB hub found
Sep  4 15:39:09 cu-cs-vm kernel: [    0.880299] hub 1-0:1.0: 12 ports detected
Sep  4 15:39:09 cu-cs-vm kernel: [    0.880974] ohci-platform: OHCI generic platform driver
Sep  4 15:39:09 cu-cs-vm kernel: [    0.881420] uhci_hcd: USB Universal Host Controller Interface driver
Sep  4 15:39:09 cu-cs-vm kernel: [    0.881815] i8042: PNP: PS/2 Controller [PNP0303:PS2K,PNP0f03:PS2M] at 0x60,0x64 irq 1,12
Sep  4 15:39:09 cu-cs-vm kernel: [    0.883028] serio: i8042 KBD port at 0x60,0x64 irq 1
Sep  4 15:39:09 cu-cs-vm kernel: [    0.883372] serio: i8042 AUX port at 0x60,0x64 irq 12
Sep  4 15:39:09 cu-cs-vm kernel: [    0.884173] mousedev: PS/2 mouse device common for all mice
Sep  4 15:39:09 cu-cs-vm kernel: [    0.886095] input: AT Translated Set 2 keyboard as /devices/platform/i8042/serio0/input/input2
Sep  4 15:39:09 cu-cs-vm kernel: [    0.887179] rtc_cmos 00:04: rtc core: registered rtc_cmos as rtc0
Sep  4 15:39:09 cu-cs-vm kernel: [    0.887642] rtc_cmos 00:04: alarms up to one day, 114 bytes nvram, hpet irqs
Sep  4 15:39:09 cu-cs-vm kernel: [    0.888044] i2c /dev entries driver
Sep  4 15:39:09 cu-cs-vm kernel: [    0.888264] device-mapper: uevent: version 1.0.3
Sep  4 15:39:09 cu-cs-vm kernel: [    0.888770] device-mapper: ioctl: 4.27.0-ioctl (2013-10-30) initialised: dm-devel@redhat.com
Sep  4 15:39:09 cu-cs-vm kernel: [    0.889466] ledtrig-cpu: registered to indicate activity on CPUs
Sep  4 15:39:09 cu-cs-vm kernel: [    0.889905] TCP: cubic registered
Sep  4 15:39:09 cu-cs-vm kernel: [    0.890402] NET: Registered protocol family 10
Sep  4 15:39:09 cu-cs-vm kernel: [    0.891542] NET: Registered protocol family 17
Sep  4 15:39:09 cu-cs-vm kernel: [    0.892568] Key type dns_resolver registered
Sep  4 15:39:09 cu-cs-vm kernel: [    0.893187] Loading compiled-in X.509 certificates
Sep  4 15:39:09 cu-cs-vm kernel: [    0.894148] Loaded X.509 cert 'Magrathea: Glacier signing key: 68ab828cc918dfe4d0ba072773879cefb5a1c697'
Sep  4 15:39:09 cu-cs-vm kernel: [    0.894888] registered taskstats version 1
Sep  4 15:39:09 cu-cs-vm kernel: [    0.899990] Key type trusted registered
Sep  4 15:39:09 cu-cs-vm kernel: [    0.906168] Key type encrypted registered
Sep  4 15:39:09 cu-cs-vm kernel: [    0.906480] AppArmor: AppArmor sha1 policy hashing enabled
Sep  4 15:39:09 cu-cs-vm kernel: [    0.906928] IMA: No TPM chip found, activating TPM-bypass!
Sep  4 15:39:09 cu-cs-vm kernel: [    0.907615] regulator-dummy: disabling
Sep  4 15:39:09 cu-cs-vm kernel: [    0.908155]   Magic number: 15:678:701
Sep  4 15:39:09 cu-cs-vm kernel: [    0.908561] rtc_cmos 00:04: setting system clock to 2015-09-04 21:39:06 UTC (1441402746)
Sep  4 15:39:09 cu-cs-vm kernel: [    0.909453] BIOS EDD facility v0.16 2004-Jun-25, 0 devices found
Sep  4 15:39:09 cu-cs-vm kernel: [    0.909786] EDD information not available.
Sep  4 15:39:09 cu-cs-vm kernel: [    0.910133] PM: Hibernation image not present or could not be loaded.
Sep  4 15:39:09 cu-cs-vm kernel: [    0.911151] Freeing unused kernel memory: 1328K (ffffffff81d14000 - ffffffff81e60000)
Sep  4 15:39:09 cu-cs-vm kernel: [    0.911832] Write protecting the kernel read-only data: 12288k
Sep  4 15:39:09 cu-cs-vm kernel: [    0.915721] Freeing unused kernel memory: 852K (ffff88000172b000 - ffff880001800000)
Sep  4 15:39:09 cu-cs-vm kernel: [    0.920501] Freeing unused kernel memory: 772K (ffff880001b3f000 - ffff880001c00000)
Sep  4 15:39:09 cu-cs-vm kernel: [    0.944512] systemd-udevd[114]: starting version 204
Sep  4 15:39:09 cu-cs-vm kernel: [    1.032996] e1000: Intel(R) PRO/1000 Network Driver - version 7.3.21-k8-NAPI
Sep  4 15:39:09 cu-cs-vm kernel: [    1.035275] e1000: Copyright (c) 1999-2006 Intel Corporation.
Sep  4 15:39:09 cu-cs-vm kernel: [    1.280237] psmouse serio1: alps: Unknown ALPS touchpad: E7=10 00 64, EC=10 00 64
Sep  4 15:39:09 cu-cs-vm kernel: [    1.286139] input: ImExPS/2 Generic Explorer Mouse as /devices/platform/i8042/serio1/input/input4
Sep  4 15:39:09 cu-cs-vm kernel: [    1.294334] usb 1-1: new full-speed USB device number 2 using ohci-pci
Sep  4 15:39:09 cu-cs-vm kernel: [    1.465237] e1000 0000:00:03.0 eth0: (PCI:33MHz:32-bit) 08:00:27:65:d9:9a
Sep  4 15:39:09 cu-cs-vm kernel: [    1.471605] e1000 0000:00:03.0 eth0: Intel(R) PRO/1000 Network Connection
Sep  4 15:39:09 cu-cs-vm kernel: [    1.474089] ahci 0000:00:1f.2: version 3.0
Sep  4 15:39:09 cu-cs-vm kernel: [    1.478436] ahci 0000:00:1f.2: irq 40 for MSI/MSI-X
Sep  4 15:39:09 cu-cs-vm kernel: [    1.478561] ahci 0000:00:1f.2: SSS flag set, parallel bus scan disabled
Sep  4 15:39:09 cu-cs-vm kernel: [    1.489480] ahci 0000:00:1f.2: AHCI 0001.0100 32 slots 2 ports 3 Gbps 0x3 impl SATA mode
Sep  4 15:39:09 cu-cs-vm kernel: [    1.490977] ahci 0000:00:1f.2: flags: 64bit ncq stag only ccc 
Sep  4 15:39:09 cu-cs-vm kernel: [    1.492410] scsi0 : ahci
Sep  4 15:39:09 cu-cs-vm kernel: [    1.493541] scsi1 : ahci
Sep  4 15:39:09 cu-cs-vm kernel: [    1.494382] ata1: SATA max UDMA/133 abar m8192@0xf0900000 port 0xf0900100 irq 40
Sep  4 15:39:09 cu-cs-vm kernel: [    1.495449] ata2: SATA max UDMA/133 abar m8192@0xf0900000 port 0xf0900180 irq 40
Sep  4 15:39:09 cu-cs-vm kernel: [    1.565293] usb 1-1: New USB device found, idVendor=80ee, idProduct=0021
Sep  4 15:39:09 cu-cs-vm kernel: [    1.568097] usb 1-1: New USB device strings: Mfr=1, Product=3, SerialNumber=0
Sep  4 15:39:09 cu-cs-vm kernel: [    1.568546] usb 1-1: Product: USB Tablet
Sep  4 15:39:09 cu-cs-vm kernel: [    1.568970] usb 1-1: Manufacturer: VirtualBox
Sep  4 15:39:09 cu-cs-vm kernel: [    1.578773] hidraw: raw HID events driver (C) Jiri Kosina
Sep  4 15:39:09 cu-cs-vm kernel: [    1.588379] usbcore: registered new interface driver usbhid
Sep  4 15:39:09 cu-cs-vm kernel: [    1.589962] usbhid: USB HID core driver
Sep  4 15:39:09 cu-cs-vm kernel: [    1.599312] input: VirtualBox USB Tablet as /devices/pci0000:00/0000:00:1f.4/usb1/1-1/1-1:1.0/input/input5
Sep  4 15:39:09 cu-cs-vm kernel: [    1.601306] hid-generic 0003:80EE:0021.0001: input,hidraw0: USB HID v1.10 Mouse [VirtualBox USB Tablet] on usb-0000:00:1f.4-1/input0
Sep  4 15:39:09 cu-cs-vm kernel: [    1.768042] tsc: Refined TSC clocksource calibration: 2700.009 MHz
Sep  4 15:39:09 cu-cs-vm kernel: [    1.818748] ata1: SATA link up 3.0 Gbps (SStatus 123 SControl 300)
Sep  4 15:39:09 cu-cs-vm kernel: [    1.821201] ata1.00: ATA-8: VBOX HARDDISK, 1.0, max UDMA/133
Sep  4 15:39:09 cu-cs-vm kernel: [    1.822411] ata1.00: 134217728 sectors, multi 128: LBA48 NCQ (depth 31/32)
Sep  4 15:39:09 cu-cs-vm kernel: [    1.825160] ata1.00: configured for UDMA/133
Sep  4 15:39:09 cu-cs-vm kernel: [    1.826067] scsi 0:0:0:0: Direct-Access     ATA      VBOX HARDDISK    1.0  PQ: 0 ANSI: 5
Sep  4 15:39:09 cu-cs-vm kernel: [    1.827998] sd 0:0:0:0: [sda] 134217728 512-byte logical blocks: (68.7 GB/64.0 GiB)
Sep  4 15:39:09 cu-cs-vm kernel: [    1.828798] sd 0:0:0:0: Attached scsi generic sg0 type 0
Sep  4 15:39:09 cu-cs-vm kernel: [    1.830223] sd 0:0:0:0: [sda] Write Protect is off
Sep  4 15:39:09 cu-cs-vm kernel: [    1.830607] sd 0:0:0:0: [sda] Mode Sense: 00 3a 00 00
Sep  4 15:39:09 cu-cs-vm kernel: [    1.830625] sd 0:0:0:0: [sda] Write cache: enabled, read cache: enabled, doesn't support DPO or FUA
Sep  4 15:39:09 cu-cs-vm kernel: [    1.831892]  sda: sda1
Sep  4 15:39:09 cu-cs-vm kernel: [    1.832594] sd 0:0:0:0: [sda] Attached SCSI disk
Sep  4 15:39:09 cu-cs-vm kernel: [    2.146806] ata2: SATA link up 3.0 Gbps (SStatus 123 SControl 300)
Sep  4 15:39:09 cu-cs-vm kernel: [    2.149224] ata2.00: ATAPI: VBOX CD-ROM, 1.0, max UDMA/133
Sep  4 15:39:09 cu-cs-vm kernel: [    2.149631] ata2.00: applying bridge limits
Sep  4 15:39:09 cu-cs-vm kernel: [    2.150042] ata2.00: configured for UDMA/100
Sep  4 15:39:09 cu-cs-vm kernel: [    2.150897] scsi 1:0:0:0: CD-ROM            VBOX     CD-ROM           1.0  PQ: 0 ANSI: 5
Sep  4 15:39:09 cu-cs-vm kernel: [    2.152266] sr0: scsi3-mmc drive: 32x/32x xa/form2 tray
Sep  4 15:39:09 cu-cs-vm kernel: [    2.152655] cdrom: Uniform CD-ROM driver Revision: 3.20
Sep  4 15:39:09 cu-cs-vm kernel: [    2.153162] sr 1:0:0:0: Attached scsi CD-ROM sr0
Sep  4 15:39:09 cu-cs-vm kernel: [    2.153236] sr 1:0:0:0: Attached scsi generic sg1 type 5
Sep  4 15:39:09 cu-cs-vm kernel: [    2.261598] raid6: sse2x1    8706 MB/s
Sep  4 15:39:09 cu-cs-vm kernel: [    2.329618] raid6: sse2x2    9904 MB/s
Sep  4 15:39:09 cu-cs-vm kernel: [    2.397488] raid6: sse2x4   13022 MB/s
Sep  4 15:39:09 cu-cs-vm kernel: [    2.398398] raid6: using algorithm sse2x4 (13022 MB/s)
Sep  4 15:39:09 cu-cs-vm kernel: [    2.398481] raid6: using ssse3x2 recovery algorithm
Sep  4 15:39:09 cu-cs-vm kernel: [    2.400740] xor: automatically using best checksumming function:
Sep  4 15:39:09 cu-cs-vm kernel: [    2.437476]    avx       : 19781.000 MB/sec
Sep  4 15:39:09 cu-cs-vm kernel: [    2.513760] bio: create slab <bio-1> at 1
Sep  4 15:39:09 cu-cs-vm kernel: [    2.516195] Btrfs loaded
Sep  4 15:39:09 cu-cs-vm kernel: [    2.535228] btrfs: device fsid 63bfbefa-043b-4015-b46d-90a73b0826fe devid 1 transid 256 /dev/sda1
Sep  4 15:39:09 cu-cs-vm kernel: [    2.547324] btrfs: device fsid 63bfbefa-043b-4015-b46d-90a73b0826fe devid 1 transid 256 /dev/disk/by-uuid/63bfbefa-043b-4015-b46d-90a73b0826fe
Sep  4 15:39:09 cu-cs-vm kernel: [    2.550036] btrfs: disk space caching is enabled
Sep  4 15:39:09 cu-cs-vm kernel: [    2.584657] Btrfs detected SSD devices, enabling SSD mode
Sep  4 15:39:09 cu-cs-vm kernel: [    2.734071] random: init urandom read with 45 bits of entropy available
Sep  4 15:39:09 cu-cs-vm kernel: [    2.765665] Switched to clocksource tsc
Sep  4 15:39:09 cu-cs-vm kernel: [    2.776764] init: plymouth-upstart-bridge main process (200) terminated with status 1
Sep  4 15:39:09 cu-cs-vm kernel: [    2.779165] init: plymouth-upstart-bridge main process ended, respawning
Sep  4 15:39:09 cu-cs-vm kernel: [    2.804466] init: plymouth-upstart-bridge main process (211) terminated with status 1
Sep  4 15:39:09 cu-cs-vm kernel: [    2.806181] init: plymouth-upstart-bridge main process ended, respawning
Sep  4 15:39:09 cu-cs-vm kernel: [    2.818557] init: plymouth-upstart-bridge main process (215) terminated with status 1
Sep  4 15:39:09 cu-cs-vm kernel: [    2.821551] init: plymouth-upstart-bridge main process ended, respawning
Sep  4 15:39:09 cu-cs-vm kernel: [    2.962062] btrfs: use lzo compression
Sep  4 15:39:09 cu-cs-vm kernel: [    2.963299] btrfs: disk space caching is enabled
Sep  4 15:39:09 cu-cs-vm kernel: [    2.963898] BTRFS debug (device sda1): truncated 1 orphans
Sep  4 15:39:09 cu-cs-vm kernel: [    2.964313] BTRFS debug (device sda1): unlinked 6 orphans
Sep  4 15:39:09 cu-cs-vm kernel: [    2.964317] BTRFS debug (device sda1): truncated 5 orphans
Sep  4 15:39:09 cu-cs-vm kernel: [    3.048136] IPv6: ADDRCONF(NETDEV_UP): eth0: link is not ready
Sep  4 15:39:09 cu-cs-vm kernel: [    3.112796] btrfs: device fsid 63bfbefa-043b-4015-b46d-90a73b0826fe devid 1 transid 258 /dev/sda1
Sep  4 15:39:09 cu-cs-vm kernel: [    3.131945] systemd-udevd[356]: starting version 204
Sep  4 15:39:09 cu-cs-vm kernel: [    3.235699] lp: driver loaded but no devices found
Sep  4 15:39:09 cu-cs-vm kernel: [    3.299197] vboxguest: module verification failed: signature and/or  required key missing - tainting kernel
Sep  4 15:39:09 cu-cs-vm kernel: [    3.345973] ppdev: user-space parallel port driver
Sep  4 15:39:09 cu-cs-vm kernel: [    3.367101] parport_pc 00:03: reported by Plug and Play ACPI
Sep  4 15:39:09 cu-cs-vm kernel: [    3.389958] piix4_smbus 0000:00:07.0: SMBus base address uninitialized - upgrade BIOS or use force_addr=0xaddr
Sep  4 15:39:09 cu-cs-vm kernel: [    3.418737] lpc_ich 0000:00:1f.0: I/O space for GPIO uninitialized
Sep  4 15:39:09 cu-cs-vm kernel: [    3.439841] [drm] Initialized drm 1.1.0 20060810
Sep  4 15:39:09 cu-cs-vm kernel: [    3.466304] [drm] Initialized vboxvideo 1.0.0 20090303 for 0000:00:02.0 on minor 0
Sep  4 15:39:09 cu-cs-vm kernel: [    3.468923] VbgdCommonInitDevExt: Setting up heartbeat to trigger every 2000 milliseconds
Sep  4 15:39:09 cu-cs-vm kernel: [    3.469120] input: Unspecified device as /devices/pci0000:00/0000:00:04.0/input/input6
Sep  4 15:39:09 cu-cs-vm kernel: [    3.470015] vboxguest: misc device minor 56, IRQ 20, I/O port d020, MMIO at 00000000f0400000 (size 0x400000)
Sep  4 15:39:09 cu-cs-vm kernel: [    3.470020] vboxguest: Successfully loaded version 5.0.0 (interface 0x00010004)
Sep  4 15:39:09 cu-cs-vm kernel: [    3.949705] btrfs: device fsid 63bfbefa-043b-4015-b46d-90a73b0826fe devid 1 transid 258 /dev/sda1
Sep  4 15:39:09 cu-cs-vm rsyslogd-2039: Could no open output pipe '/dev/xconsole': No such file or directory [try http://www.rsyslog.com/e/2039 ]
Sep  4 15:39:09 cu-cs-vm kernel: [    4.097180] Bluetooth: Core ver 2.17
Sep  4 15:39:09 cu-cs-vm avahi-daemon[547]: Found user 'avahi' (UID 111) and group 'avahi' (GID 117).
Sep  4 15:39:09 cu-cs-vm avahi-daemon[547]: Successfully dropped root privileges.
Sep  4 15:39:09 cu-cs-vm avahi-daemon[547]: avahi-daemon 0.6.31 starting up.
Sep  4 15:39:09 cu-cs-vm avahi-daemon[547]: Successfully called chroot().
Sep  4 15:39:09 cu-cs-vm avahi-daemon[547]: Successfully dropped remaining capabilities.
Sep  4 15:39:09 cu-cs-vm avahi-daemon[547]: No service file found in /etc/avahi/services.
Sep  4 15:39:09 cu-cs-vm bluetoothd[495]: DIS cannot start: GATT is disabled
Sep  4 15:39:09 cu-cs-vm bluetoothd[495]: Failed to init deviceinfo plugin
Sep  4 15:39:09 cu-cs-vm bluetoothd[495]: Failed to init proximity plugin
Sep  4 15:39:09 cu-cs-vm bluetoothd[495]: Failed to init time plugin
Sep  4 15:39:09 cu-cs-vm bluetoothd[495]: Failed to init alert plugin
Sep  4 15:39:09 cu-cs-vm bluetoothd[495]: Failed to init thermometer plugin
Sep  4 15:39:09 cu-cs-vm kernel: [    4.101824] NET: Registered protocol family 31
Sep  4 15:39:09 cu-cs-vm kernel: [    4.101829] Bluetooth: HCI device and connection manager initialized
Sep  4 15:39:09 cu-cs-vm kernel: [    4.101839] Bluetooth: HCI socket layer initialized
Sep  4 15:39:09 cu-cs-vm kernel: [    4.101843] Bluetooth: L2CAP socket layer initialized
Sep  4 15:39:09 cu-cs-vm kernel: [    4.101849] Bluetooth: SCO socket layer initialized
Sep  4 15:39:09 cu-cs-vm avahi-daemon[547]: Network interface enumeration completed.
Sep  4 15:39:09 cu-cs-vm avahi-daemon[547]: Registering HINFO record with values 'X86_64'/'LINUX'.
Sep  4 15:39:09 cu-cs-vm avahi-daemon[547]: Server startup complete. Host name is cu-cs-vm.local. Local service cookie is 1929462712.
Sep  4 15:39:09 cu-cs-vm bluetoothd[495]: Failed to init gatt_example plugin
Sep  4 15:39:09 cu-cs-vm bluetoothd[495]: Bluetooth Management interface initialized
Sep  4 15:39:09 cu-cs-vm kernel: [    4.124800] Bluetooth: BNEP (Ethernet Emulation) ver 1.3
Sep  4 15:39:09 cu-cs-vm kernel: [    4.124805] Bluetooth: BNEP filters: protocol multicast
Sep  4 15:39:09 cu-cs-vm kernel: [    4.124817] Bluetooth: BNEP socket layer initialized
Sep  4 15:39:09 cu-cs-vm kernel: [    4.170009] random: nonblocking pool is initialized
Sep  4 15:39:09 cu-cs-vm kernel: [    4.176439] Bluetooth: RFCOMM TTY layer initialized
Sep  4 15:39:09 cu-cs-vm kernel: [    4.176468] Bluetooth: RFCOMM socket layer initialized
Sep  4 15:39:09 cu-cs-vm kernel: [    4.176474] Bluetooth: RFCOMM ver 1.11
Sep  4 15:39:09 cu-cs-vm kernel: [    4.196015] btrfs: device fsid 63bfbefa-043b-4015-b46d-90a73b0826fe devid 1 transid 258 /dev/sda1
Sep  4 15:39:09 cu-cs-vm kernel: [    4.205954] type=1400 audit(1441402749.798:2): apparmor="STATUS" operation="profile_load" profile="unconfined" name="/sbin/dhclient" pid=470 comm="apparmor_parser"
Sep  4 15:39:09 cu-cs-vm kernel: [    4.209101] type=1400 audit(1441402749.802:3): apparmor="STATUS" operation="profile_load" profile="unconfined" name="/usr/lib/NetworkManager/nm-dhcp-client.action" pid=470 comm="apparmor_parser"
Sep  4 15:39:09 cu-cs-vm kernel: [    4.209475] type=1400 audit(1441402749.802:4): apparmor="STATUS" operation="profile_load" profile="unconfined" name="/usr/lib/connman/scripts/dhclient-script" pid=470 comm="apparmor_parser"
Sep  4 15:39:10 cu-cs-vm kernel: [    4.431551] init: avahi-cups-reload main process (555) terminated with status 1
Sep  4 15:39:10 cu-cs-vm failsafe: Failsafe of 120 seconds reached.
Sep  4 15:39:10 cu-cs-vm kernel: [    4.731617] type=1400 audit(1441402750.322:5): apparmor="STATUS" operation="profile_load" profile="unconfined" name="/usr/lib/cups/backend/cups-pdf" pid=531 comm="apparmor_parser"
Sep  4 15:39:10 cu-cs-vm kernel: [    4.732240] type=1400 audit(1441402750.322:6): apparmor="STATUS" operation="profile_load" profile="unconfined" name="/usr/sbin/cupsd" pid=531 comm="apparmor_parser"
Sep  4 15:39:10 cu-cs-vm kernel: [    4.885077] intel8x0_measure_ac97_clock: measured 56017 usecs (5015 samples)
Sep  4 15:39:10 cu-cs-vm kernel: [    4.885082] intel8x0: measured clock 89526 rejected
Sep  4 15:39:10 cu-cs-vm kernel: [    4.886570] init: failsafe main process (602) killed by TERM signal
Sep  4 15:39:10 cu-cs-vm ModemManager[659]: <info>  ModemManager (version 1.0.0) starting...
Sep  4 15:39:10 cu-cs-vm NetworkManager[731]: <info> NetworkManager (version 0.9.8.8) is starting...
Sep  4 15:39:10 cu-cs-vm NetworkManager[731]: <info> Read config file /etc/NetworkManager/NetworkManager.conf
Sep  4 15:39:10 cu-cs-vm NetworkManager[731]: <info> WEXT support is enabled
Sep  4 15:39:10 cu-cs-vm NetworkManager[731]: <info> VPN: loaded org.freedesktop.NetworkManager.pptp
Sep  4 15:39:10 cu-cs-vm NetworkManager[731]: <info> DNS: loaded plugin dnsmasq
Sep  4 15:39:10 cu-cs-vm dbus[471]: [system] Activating service name='org.freedesktop.PolicyKit1' (using servicehelper)
Sep  4 15:39:10 cu-cs-vm kernel: [    5.244746] intel8x0_measure_ac97_clock: measured 56809 usecs (5015 samples)
Sep  4 15:39:10 cu-cs-vm kernel: [    5.244751] intel8x0: measured clock 88278 rejected
Sep  4 15:39:10 cu-cs-vm kernel: [    5.290252] type=1400 audit(1441402750.882:7): apparmor="STATUS" operation="profile_replace" profile="unconfined" name="/sbin/dhclient" pid=755 comm="apparmor_parser"
Sep  4 15:39:10 cu-cs-vm kernel: [    5.290264] type=1400 audit(1441402750.882:8): apparmor="STATUS" operation="profile_replace" profile="unconfined" name="/usr/lib/NetworkManager/nm-dhcp-client.action" pid=755 comm="apparmor_parser"
Sep  4 15:39:10 cu-cs-vm kernel: [    5.290271] type=1400 audit(1441402750.882:9): apparmor="STATUS" operation="profile_replace" profile="unconfined" name="/usr/lib/connman/scripts/dhclient-script" pid=755 comm="apparmor_parser"
Sep  4 15:39:10 cu-cs-vm kernel: [    5.290703] type=1400 audit(1441402750.882:10): apparmor="STATUS" operation="profile_replace" profile="unconfined" name="/usr/lib/NetworkManager/nm-dhcp-client.action" pid=755 comm="apparmor_parser"
Sep  4 15:39:10 cu-cs-vm polkitd[753]: started daemon version 0.105 using authority implementation `local' version `0.105'
Sep  4 15:39:10 cu-cs-vm dbus[471]: [system] Successfully activated service 'org.freedesktop.PolicyKit1'
Sep  4 15:39:10 cu-cs-vm NetworkManager[731]:    SCPlugin-Ifupdown: init!
Sep  4 15:39:10 cu-cs-vm NetworkManager[731]:    SCPlugin-Ifupdown: update_system_hostname
Sep  4 15:39:10 cu-cs-vm NetworkManager[731]:       interface-parser: parsing file /etc/network/interfaces
Sep  4 15:39:10 cu-cs-vm NetworkManager[731]:       interface-parser: finished parsing file /etc/network/interfaces
Sep  4 15:39:10 cu-cs-vm NetworkManager[731]:    SCPluginIfupdown: management mode: unmanaged
Sep  4 15:39:10 cu-cs-vm NetworkManager[731]:    SCPlugin-Ifupdown: devices added (path: /sys/devices/pci0000:00/0000:00:03.0/net/eth0, iface: eth0)
Sep  4 15:39:10 cu-cs-vm NetworkManager[731]:    SCPlugin-Ifupdown: device added (path: /sys/devices/pci0000:00/0000:00:03.0/net/eth0, iface: eth0): no ifupdown configuration found.
Sep  4 15:39:10 cu-cs-vm NetworkManager[731]:    SCPlugin-Ifupdown: devices added (path: /sys/devices/virtual/net/lo, iface: lo)
Sep  4 15:39:10 cu-cs-vm NetworkManager[731]:    SCPlugin-Ifupdown: device added (path: /sys/devices/virtual/net/lo, iface: lo): no ifupdown configuration found.
Sep  4 15:39:10 cu-cs-vm NetworkManager[731]:    SCPlugin-Ifupdown: end _init.
Sep  4 15:39:10 cu-cs-vm NetworkManager[731]: <info> Loaded plugin ifupdown: (C) 2008 Canonical Ltd.  To report bugs please use the NetworkManager mailing list.
Sep  4 15:39:10 cu-cs-vm NetworkManager[731]: <info> Loaded plugin keyfile: (c) 2007 - 2010 Red Hat, Inc.  To report bugs please use the NetworkManager mailing list.
Sep  4 15:39:10 cu-cs-vm NetworkManager[731]:    SCPlugin-Ofono: Acquired D-Bus service com.canonical.NMOfono
Sep  4 15:39:10 cu-cs-vm NetworkManager[731]:    SCPlugin-Ofono: init!
Sep  4 15:39:10 cu-cs-vm NetworkManager[731]:    SCPlugin-Ofono: end _init.
Sep  4 15:39:10 cu-cs-vm NetworkManager[731]: <info> Loaded plugin (null): (null)
Sep  4 15:39:10 cu-cs-vm NetworkManager[731]:    Ifupdown: get unmanaged devices count: 0
Sep  4 15:39:10 cu-cs-vm NetworkManager[731]:    SCPlugin-Ifupdown: (21360400) ... get_connections.
Sep  4 15:39:10 cu-cs-vm NetworkManager[731]:    SCPlugin-Ifupdown: (21360400) ... get_connections (managed=false): return empty list.
Sep  4 15:39:10 cu-cs-vm NetworkManager[731]:    SCPlugin-Ofono: (21147152) ... get_connections.
Sep  4 15:39:10 cu-cs-vm NetworkManager[731]:    SCPlugin-Ofono: (21147152) connections count: 0
Sep  4 15:39:10 cu-cs-vm NetworkManager[731]:    Ifupdown: get unmanaged devices count: 0
Sep  4 15:39:10 cu-cs-vm NetworkManager[731]: <info> monitoring kernel firmware directory '/lib/firmware'.
Sep  4 15:39:10 cu-cs-vm NetworkManager[731]: <info> WiFi enabled by radio killswitch; enabled by state file
Sep  4 15:39:10 cu-cs-vm NetworkManager[731]: <info> WWAN enabled by radio killswitch; enabled by state file
Sep  4 15:39:10 cu-cs-vm NetworkManager[731]: <info> WiMAX enabled by radio killswitch; enabled by state file
Sep  4 15:39:10 cu-cs-vm NetworkManager[731]: <info> Networking is enabled by state file
Sep  4 15:39:10 cu-cs-vm NetworkManager[731]: <warn> failed to allocate link cache: (-12) Object not found
Sep  4 15:39:10 cu-cs-vm NetworkManager[731]: <info> (eth0): carrier is OFF
Sep  4 15:39:10 cu-cs-vm NetworkManager[731]: <info> (eth0): new Ethernet device (driver: 'e1000' ifindex: 2)
Sep  4 15:39:10 cu-cs-vm NetworkManager[731]: <info> (eth0): exported as /org/freedesktop/NetworkManager/Devices/0
Sep  4 15:39:10 cu-cs-vm NetworkManager[731]: <info> (eth0): device state change: unmanaged -> unavailable (reason 'managed') [10 20 2]
Sep  4 15:39:10 cu-cs-vm NetworkManager[731]: <info> (eth0): bringing up device.
Sep  4 15:39:10 cu-cs-vm NetworkManager[731]: <info> (eth0): carrier now ON (device state 20)
Sep  4 15:39:10 cu-cs-vm NetworkManager[731]: <info> (eth0): preparing device.
Sep  4 15:39:10 cu-cs-vm NetworkManager[731]: <info> (eth0): deactivating device (reason 'managed') [2]
Sep  4 15:39:10 cu-cs-vm kernel: [    5.384676] e1000: eth0 NIC Link is Up 1000 Mbps Full Duplex, Flow Control: RX
Sep  4 15:39:10 cu-cs-vm kernel: [    5.385728] IPv6: ADDRCONF(NETDEV_UP): eth0: link is not ready
Sep  4 15:39:10 cu-cs-vm kernel: [    5.385751] IPv6: ADDRCONF(NETDEV_CHANGE): eth0: link becomes ready
Sep  4 15:39:10 cu-cs-vm NetworkManager[731]: <info> Added default wired connection 'Wired connection 1' for /sys/devices/pci0000:00/0000:00:03.0/net/eth0
Sep  4 15:39:10 cu-cs-vm NetworkManager[731]: <warn> /sys/devices/virtual/net/lo: couldn't determine device driver; ignoring...
Sep  4 15:39:10 cu-cs-vm NetworkManager[731]: <warn> /sys/devices/virtual/net/lo: couldn't determine device driver; ignoring...
Sep  4 15:39:10 cu-cs-vm NetworkManager[731]: <info> (eth0): carrier now OFF (device state 20)
Sep  4 15:39:10 cu-cs-vm NetworkManager[731]: <info> (eth0): carrier now ON (device state 20)
Sep  4 15:39:10 cu-cs-vm NetworkManager[731]: <info> urfkill disappeared from the bus
Sep  4 15:39:10 cu-cs-vm NetworkManager[731]: <info> (eth0): device state change: unavailable -> disconnected (reason 'carrier-changed') [20 30 40]
Sep  4 15:39:10 cu-cs-vm NetworkManager[731]: <info> Auto-activating connection 'Wired connection 1'.
Sep  4 15:39:10 cu-cs-vm NetworkManager[731]: <info> Activation (eth0) starting connection 'Wired connection 1'
Sep  4 15:39:10 cu-cs-vm NetworkManager[731]: <info> (eth0): device state change: disconnected -> prepare (reason 'none') [30 40 0]
Sep  4 15:39:10 cu-cs-vm NetworkManager[731]: <info> NetworkManager state is now CONNECTING
Sep  4 15:39:11 cu-cs-vm NetworkManager[731]: <info> Activation (eth0) Stage 1 of 5 (Device Prepare) scheduled...
Sep  4 15:39:11 cu-cs-vm NetworkManager[731]: <info> Activation (eth0) Stage 1 of 5 (Device Prepare) started...
Sep  4 15:39:11 cu-cs-vm NetworkManager[731]: <info> Activation (eth0) Stage 2 of 5 (Device Configure) scheduled...
Sep  4 15:39:11 cu-cs-vm NetworkManager[731]: <info> Activation (eth0) Stage 1 of 5 (Device Prepare) complete.
Sep  4 15:39:11 cu-cs-vm NetworkManager[731]: <info> Activation (eth0) Stage 2 of 5 (Device Configure) starting...
Sep  4 15:39:11 cu-cs-vm NetworkManager[731]: <info> (eth0): device state change: prepare -> config (reason 'none') [40 50 0]
Sep  4 15:39:11 cu-cs-vm NetworkManager[731]: <info> Activation (eth0) Stage 2 of 5 (Device Configure) successful.
Sep  4 15:39:11 cu-cs-vm NetworkManager[731]: <info> Activation (eth0) Stage 3 of 5 (IP Configure Start) scheduled.
Sep  4 15:39:11 cu-cs-vm NetworkManager[731]: <info> Activation (eth0) Stage 2 of 5 (Device Configure) complete.
Sep  4 15:39:11 cu-cs-vm NetworkManager[731]: <info> ModemManager available in the bus
Sep  4 15:39:11 cu-cs-vm NetworkManager[731]: <info> Activation (eth0) Stage 3 of 5 (IP Configure Start) started...
Sep  4 15:39:11 cu-cs-vm NetworkManager[731]: <info> (eth0): device state change: config -> ip-config (reason 'none') [50 70 0]
Sep  4 15:39:11 cu-cs-vm NetworkManager[731]: <info> Activation (eth0) Beginning DHCPv4 transaction (timeout in 45 seconds)
Sep  4 15:39:11 cu-cs-vm NetworkManager[731]: <info> dhclient started with pid 774
Sep  4 15:39:11 cu-cs-vm NetworkManager[731]: <info> Activation (eth0) Beginning IP6 addrconf.
Sep  4 15:39:11 cu-cs-vm NetworkManager[731]: <info> Activation (eth0) Stage 3 of 5 (IP Configure Start) complete.
Sep  4 15:39:11 cu-cs-vm dhclient: Internet Systems Consortium DHCP Client 4.2.4
Sep  4 15:39:11 cu-cs-vm dhclient: Copyright 2004-2012 Internet Systems Consortium.
Sep  4 15:39:11 cu-cs-vm dhclient: All rights reserved.
Sep  4 15:39:11 cu-cs-vm dhclient: For info, please visit https://www.isc.org/software/dhcp/
Sep  4 15:39:11 cu-cs-vm dhclient: 
Sep  4 15:39:11 cu-cs-vm NetworkManager[731]: <info> (eth0): DHCPv4 state changed nbi -> preinit
Sep  4 15:39:11 cu-cs-vm dhclient: Listening on LPF/eth0/08:00:27:65:d9:9a
Sep  4 15:39:11 cu-cs-vm dhclient: Sending on   LPF/eth0/08:00:27:65:d9:9a
Sep  4 15:39:11 cu-cs-vm dhclient: Sending on   Socket/fallback
Sep  4 15:39:11 cu-cs-vm dhclient: DHCPDISCOVER on eth0 to 255.255.255.255 port 67 interval 3 (xid=0xa50d9619)
Sep  4 15:39:11 cu-cs-vm dhclient: DHCPREQUEST of 10.0.2.15 on eth0 to 255.255.255.255 port 67 (xid=0x19960da5)
Sep  4 15:39:11 cu-cs-vm dhclient: DHCPOFFER of 10.0.2.15 from 10.0.2.2
Sep  4 15:39:11 cu-cs-vm dhclient: DHCPACK of 10.0.2.15 from 10.0.2.2
Sep  4 15:39:11 cu-cs-vm NetworkManager[731]: <info> (eth0): DHCPv4 state changed preinit -> bound
Sep  4 15:39:11 cu-cs-vm NetworkManager[731]: <info>   address 10.0.2.15
Sep  4 15:39:11 cu-cs-vm NetworkManager[731]: <info>   prefix 24 (255.255.255.0)
Sep  4 15:39:11 cu-cs-vm NetworkManager[731]: <info>   gateway 10.0.2.2
Sep  4 15:39:11 cu-cs-vm NetworkManager[731]: <info>   nameserver '128.138.129.76'
Sep  4 15:39:11 cu-cs-vm NetworkManager[731]: <info>   nameserver '128.138.240.1'
Sep  4 15:39:11 cu-cs-vm NetworkManager[731]: <info>   nameserver '128.138.130.30'
Sep  4 15:39:11 cu-cs-vm NetworkManager[731]: <info>   domain name 'int.colorado.edu'
Sep  4 15:39:11 cu-cs-vm NetworkManager[731]: <info> Activation (eth0) Stage 5 of 5 (IPv4 Configure Commit) scheduled...
Sep  4 15:39:11 cu-cs-vm NetworkManager[731]: <info> Activation (eth0) Stage 5 of 5 (IPv4 Commit) started...
Sep  4 15:39:11 cu-cs-vm dhclient: bound to 10.0.2.15 -- renewal in 41242 seconds.
Sep  4 15:39:11 cu-cs-vm avahi-daemon[547]: Joining mDNS multicast group on interface eth0.IPv4 with address 10.0.2.15.
Sep  4 15:39:11 cu-cs-vm avahi-daemon[547]: New relevant interface eth0.IPv4 for mDNS.
Sep  4 15:39:11 cu-cs-vm avahi-daemon[547]: Registering new address record for 10.0.2.15 on eth0.IPv4.
Sep  4 15:39:11 cu-cs-vm kernel: [    5.603570] intel8x0_measure_ac97_clock: measured 55840 usecs (4458 samples)
Sep  4 15:39:11 cu-cs-vm kernel: [    5.603575] intel8x0: measured clock 79835 rejected
Sep  4 15:39:11 cu-cs-vm kernel: [    5.603578] intel8x0: clocking to 48000
Sep  4 15:39:11 cu-cs-vm kernel: [    5.768015] audit_printk_skb: 21 callbacks suppressed
Sep  4 15:39:11 cu-cs-vm kernel: [    5.768020] type=1400 audit(1441402751.358:18): apparmor="STATUS" operation="profile_replace" profile="unconfined" name="/usr/sbin/cups-browsed" pid=758 comm="apparmor_parser"
Sep  4 15:39:11 cu-cs-vm kernel: [    6.139547] type=1400 audit(1441402751.730:19): apparmor="STATUS" operation="profile_load" profile="unconfined" name="/usr/lib/lightdm/lightdm-guest-session" pid=754 comm="apparmor_parser"
Sep  4 15:39:11 cu-cs-vm kernel: [    6.139794] type=1400 audit(1441402751.730:20): apparmor="STATUS" operation="profile_load" profile="unconfined" name="chromium" pid=754 comm="apparmor_parser"
Sep  4 15:39:11 cu-cs-vm ntpdate[856]: Can't find host ntp.ubuntu.com: Name or service not known (-2)
Sep  4 15:39:11 cu-cs-vm ntpdate[856]: no servers can be used, exiting
Sep  4 15:39:12 cu-cs-vm NetworkManager[731]: <info> (eth0): device state change: ip-config -> secondaries (reason 'none') [70 90 0]
Sep  4 15:39:12 cu-cs-vm NetworkManager[731]: <info> Activation (eth0) Stage 5 of 5 (IPv4 Commit) complete.
Sep  4 15:39:12 cu-cs-vm NetworkManager[731]: <info> (eth0): device state change: secondaries -> activated (reason 'none') [90 100 0]
Sep  4 15:39:12 cu-cs-vm NetworkManager[731]: <info> NetworkManager state is now CONNECTED_GLOBAL
Sep  4 15:39:12 cu-cs-vm NetworkManager[731]: <info> Policy set 'Wired connection 1' (eth0) as default for IPv4 routing and DNS.
Sep  4 15:39:12 cu-cs-vm NetworkManager[731]: <info> DNS: starting dnsmasq...
Sep  4 15:39:12 cu-cs-vm NetworkManager[731]: <warn> dnsmasq not available on the bus, can't update servers.
Sep  4 15:39:12 cu-cs-vm NetworkManager[731]: <error> [1441402752.94833] [nm-dns-dnsmasq.c:396] update(): dnsmasq owner not found on bus: Could not get owner of name 'org.freedesktop.NetworkManager.dnsmasq': no such name
Sep  4 15:39:12 cu-cs-vm NetworkManager[731]: <warn> DNS: plugin dnsmasq update failed
Sep  4 15:39:12 cu-cs-vm NetworkManager[731]: <info> Writing DNS information to /sbin/resolvconf
Sep  4 15:39:12 cu-cs-vm dnsmasq[864]: started, version 2.68 cache disabled
Sep  4 15:39:12 cu-cs-vm dnsmasq[864]: compile time options: IPv6 GNU-getopt DBus i18n IDN DHCP DHCPv6 no-Lua TFTP conntrack ipset auth
Sep  4 15:39:12 cu-cs-vm dnsmasq[864]: DBus support enabled: connected to system bus
Sep  4 15:39:12 cu-cs-vm dnsmasq[864]: warning: no upstream servers configured
Sep  4 15:39:12 cu-cs-vm NetworkManager[731]: <info> Activation (eth0) successful, device activated.
Sep  4 15:39:12 cu-cs-vm NetworkManager[731]: <warn> dnsmasq appeared on DBus: :1.12
Sep  4 15:39:12 cu-cs-vm dbus[471]: [system] Activating service name='org.freedesktop.nm_dispatcher' (using servicehelper)
Sep  4 15:39:12 cu-cs-vm NetworkManager[731]: <info> Writing DNS information to /sbin/resolvconf
Sep  4 15:39:12 cu-cs-vm dnsmasq[864]: setting upstream servers from DBus
Sep  4 15:39:12 cu-cs-vm dnsmasq[864]: using nameserver 128.138.130.30#53
Sep  4 15:39:12 cu-cs-vm dnsmasq[864]: using nameserver 128.138.240.1#53
Sep  4 15:39:12 cu-cs-vm dnsmasq[864]: using nameserver 128.138.129.76#53
Sep  4 15:39:12 cu-cs-vm dbus[471]: [system] Successfully activated service 'org.freedesktop.nm_dispatcher'
Sep  4 15:39:12 cu-cs-vm avahi-daemon[547]: Joining mDNS multicast group on interface eth0.IPv6 with address fe80::a00:27ff:fe65:d99a.
Sep  4 15:39:12 cu-cs-vm avahi-daemon[547]: New relevant interface eth0.IPv6 for mDNS.
Sep  4 15:39:12 cu-cs-vm avahi-daemon[547]: Registering new address record for fe80::a00:27ff:fe65:d99a on eth0.*.
Sep  4 15:39:12 cu-cs-vm ModemManager[659]: <warn>  Couldn't find support for device at '/sys/devices/pci0000:00/0000:00:03.0': not supported by any plugin
Sep  4 15:39:14 cu-cs-vm kernel: [    8.604346] type=1400 audit(1441402754.198:21): apparmor="STATUS" operation="profile_load" profile="unconfined" name="/usr/bin/evince" pid=756 comm="apparmor_parser"
Sep  4 15:39:14 cu-cs-vm kernel: [    8.604709] type=1400 audit(1441402754.198:22): apparmor="STATUS" operation="profile_load" profile="unconfined" name="sanitized_helper" pid=756 comm="apparmor_parser"
Sep  4 15:39:14 cu-cs-vm kernel: [    8.605214] type=1400 audit(1441402754.198:23): apparmor="STATUS" operation="profile_load" profile="unconfined" name="/usr/bin/evince-previewer" pid=756 comm="apparmor_parser"
Sep  4 15:39:14 cu-cs-vm kernel: [    8.605518] type=1400 audit(1441402754.198:24): apparmor="STATUS" operation="profile_load" profile="unconfined" name="sanitized_helper" pid=756 comm="apparmor_parser"
Sep  4 15:39:14 cu-cs-vm kernel: [    8.605921] type=1400 audit(1441402754.198:25): apparmor="STATUS" operation="profile_load" profile="unconfined" name="/usr/bin/evince-thumbnailer" pid=756 comm="apparmor_parser"
Sep  4 15:39:14 cu-cs-vm kernel: [    8.606149] type=1400 audit(1441402754.198:26): apparmor="STATUS" operation="profile_load" profile="unconfined" name="sanitized_helper" pid=756 comm="apparmor_parser"
Sep  4 15:39:14 cu-cs-vm cron[1051]: (CRON) INFO (pidfile fd = 3)
Sep  4 15:39:14 cu-cs-vm anacron[1122]: Anacron 2.3 started on 2015-09-04
Sep  4 15:39:14 cu-cs-vm cron[1124]: (CRON) STARTUP (fork ok)
Sep  4 15:39:14 cu-cs-vm cron[1124]: (CRON) INFO (Running @reboot jobs)
Sep  4 15:39:14 cu-cs-vm anacron[1122]: Will run job `cron.daily' in 5 min.
Sep  4 15:39:14 cu-cs-vm anacron[1122]: Jobs will be executed sequentially
Sep  4 15:39:14 cu-cs-vm whoopsie[1099]: whoopsie 0.2.24.6ubuntu1 starting up.
Sep  4 15:39:14 cu-cs-vm whoopsie[1099]: Using lock path: /var/lock/whoopsie/lock
Sep  4 15:39:14 cu-cs-vm kernel: [    9.058009] vboxsf: Successfully loaded version 5.0.0 (interface 0x00010004)
Sep  4 15:39:14 cu-cs-vm dbus[471]: [system] Activating service name='org.freedesktop.Accounts' (using servicehelper)
Sep  4 15:39:14 cu-cs-vm acpid: starting up with netlink and the input layer
Sep  4 15:39:14 cu-cs-vm acpid: 9 rules loaded
Sep  4 15:39:14 cu-cs-vm acpid: waiting for events: event logging is off
Sep  4 15:39:14 cu-cs-vm accounts-daemon[1203]: started daemon version 0.6.35
Sep  4 15:39:14 cu-cs-vm dbus[471]: [system] Successfully activated service 'org.freedesktop.Accounts'
Sep  4 15:39:14 cu-cs-vm kernel: [    9.172784] VBoxService 5.0.0 r101573 (verbosity: 0) linux.amd64 (Jul  9 2015 11:54:24) release log
Sep  4 15:39:14 cu-cs-vm kernel: [    9.172784] 00:00:00.000104 main     Log opened 2015-09-04T21:39:14.769934000Z
Sep  4 15:39:14 cu-cs-vm kernel: [    9.172826] 00:00:00.000181 main     OS Product: Linux
Sep  4 15:39:14 cu-cs-vm kernel: [    9.172845] 00:00:00.000204 main     OS Release: 3.13.11-ckt25banana
Sep  4 15:39:14 cu-cs-vm kernel: [    9.172926] 00:00:00.000276 main     OS Version: #1 SMP Thu Sep 3 18:14:56 MDT 2015
Sep  4 15:39:14 cu-cs-vm kernel: [    9.172945] 00:00:00.000303 main     OS Service Pack: #1 SMP Thu Sep 3 18:14:56 MDT 2015
Sep  4 15:39:14 cu-cs-vm kernel: [    9.173019] 00:00:00.000368 main     Executable: /opt/VBoxGuestAdditions-5.0.0/sbin/VBoxService
Sep  4 15:39:14 cu-cs-vm kernel: [    9.173019] 00:00:00.000370 main     Process ID: 1230
Sep  4 15:39:14 cu-cs-vm kernel: [    9.173019] 00:00:00.000371 main     Package type: LINUX_64BITS_GENERIC
Sep  4 15:39:14 cu-cs-vm kernel: [    9.174608] 00:00:00.001891 main     5.0.0 r101573 started. Verbose level = 0
Sep  4 15:39:14 cu-cs-vm dbus[471]: [system] Activating service name='org.freedesktop.ConsoleKit' (using servicehelper)
Sep  4 15:39:14 cu-cs-vm dbus[471]: [system] Successfully activated service 'org.freedesktop.ConsoleKit'
Sep  4 15:39:15 cu-cs-vm kernel: [    9.625012] hrtimer: interrupt took 17426559 ns
Sep  4 15:39:15 cu-cs-vm kernel: [    9.721091] init: plymouth-upstart-bridge main process ended, respawning
Sep  4 15:39:16 cu-cs-vm dbus[471]: [system] Activating service name='org.freedesktop.UPower' (using servicehelper)
Sep  4 15:39:16 cu-cs-vm dbus[471]: [system] Successfully activated service 'org.freedesktop.UPower'
Sep  4 15:39:16 cu-cs-vm dbus[471]: [system] Activating service name='org.freedesktop.RealtimeKit1' (using servicehelper)
Sep  4 15:39:16 cu-cs-vm vmusr[1784]: [ warning] [vmusr] Error creating backup of old config file.
Sep  4 15:39:16 cu-cs-vm vmusr[1784]: [ warning] [GLib-GObject] Attempt to add property ToolsCoreService::tcs-app-ctx after class was initialised
Sep  4 15:39:16 cu-cs-vm vmusr[1784]: [ warning] [GLib-GObject] Attempt to add property ToolsCoreService::tcs-prop-thread-pool after class was initialised
Sep  4 15:39:16 cu-cs-vm vmusr[1784]: [ warning] [vmtoolsd] The vmusr service needs to run inside a virtual machine.
Sep  4 15:39:16 cu-cs-vm dbus[471]: [system] Successfully activated service 'org.freedesktop.RealtimeKit1'
Sep  4 15:39:16 cu-cs-vm rtkit-daemon[1817]: Successfully called chroot.
Sep  4 15:39:16 cu-cs-vm rtkit-daemon[1817]: Successfully dropped privileges.
Sep  4 15:39:16 cu-cs-vm rtkit-daemon[1817]: Successfully limited resources.
Sep  4 15:39:16 cu-cs-vm rtkit-daemon[1817]: Running.
Sep  4 15:39:16 cu-cs-vm vmusr[1784]: [ warning] [vmtoolsd] Plugin path is not a directory: /usr/lib/open-vm-tools/plugins/vmusr
Sep  4 15:39:17 cu-cs-vm rtkit-daemon[1817]: Watchdog thread running.
Sep  4 15:39:17 cu-cs-vm rtkit-daemon[1817]: Canary thread running.
Sep  4 15:39:17 cu-cs-vm rtkit-daemon[1817]: Successfully made thread 1813 of process 1813 (n/a) owned by '1000' high priority at nice level -11.
Sep  4 15:39:17 cu-cs-vm rtkit-daemon[1817]: Supervising 1 threads of 1 processes of 1 users.
Sep  4 15:39:17 cu-cs-vm kernel: [   11.626121] init: anacron main process (1122) killed by TERM signal
Sep  4 15:39:17 cu-cs-vm pulseaudio[1813]: [pulseaudio] alsa-util.c: Disabling timer-based scheduling because running inside a VM.
Sep  4 15:39:17 cu-cs-vm rtkit-daemon[1817]: Successfully made thread 1932 of process 1813 (n/a) owned by '1000' RT at priority 5.
Sep  4 15:39:17 cu-cs-vm rtkit-daemon[1817]: Supervising 2 threads of 1 processes of 1 users.
Sep  4 15:39:17 cu-cs-vm rtkit-daemon[1817]: Successfully made thread 1941 of process 1813 (n/a) owned by '1000' RT at priority 5.
Sep  4 15:39:17 cu-cs-vm rtkit-daemon[1817]: Supervising 3 threads of 1 processes of 1 users.
Sep  4 15:39:17 cu-cs-vm rtkit-daemon[1817]: Successfully made thread 1955 of process 1955 (n/a) owned by '1000' high priority at nice level -11.
Sep  4 15:39:17 cu-cs-vm rtkit-daemon[1817]: Supervising 4 threads of 2 processes of 1 users.
Sep  4 15:39:17 cu-cs-vm pulseaudio[1955]: [pulseaudio] pid.c: Daemon already running.
Sep  4 15:39:18 cu-cs-vm dbus[471]: [system] Activating service name='org.freedesktop.UDisks2' (using servicehelper)
Sep  4 15:39:18 cu-cs-vm udisksd[1994]: udisks daemon version 2.1.3 starting
Sep  4 15:39:18 cu-cs-vm dbus[471]: [system] Successfully activated service 'org.freedesktop.UDisks2'
Sep  4 15:39:18 cu-cs-vm udisksd[1994]: Acquired the name org.freedesktop.UDisks2 on the system message bus
Sep  4 15:39:17 cu-cs-vm pulseaudio[1813]: [pulseaudio] alsa-util.c: Disabling timer-based scheduling because running inside a VM.
Sep  4 15:39:18 cu-cs-vm pulseaudio[1813]: [alsa-sink-Intel ICH] alsa-sink.c: ALSA woke us up to write new data to the device, but there was actually nothing to write!
Sep  4 15:39:18 cu-cs-vm pulseaudio[1813]: [alsa-sink-Intel ICH] alsa-sink.c: Most likely this is a bug in the ALSA driver 'snd_intel8x0'. Please report this issue to the ALSA developers.
Sep  4 15:39:18 cu-cs-vm pulseaudio[1813]: [alsa-sink-Intel ICH] alsa-sink.c: We were woken up with POLLOUT set -- however a subsequent snd_pcm_avail() returned 0 or another value < min_avail.
Sep  4 15:39:20 cu-cs-vm ntpdate[963]: step time server 91.189.94.4 offset 1.646964 sec
Sep  4 15:39:20 cu-cs-vm dbus[471]: [system] Activating service name='org.blueman.Mechanism' (using servicehelper)
Sep  4 15:39:20 cu-cs-vm blueman-mechanism: Starting blueman-mechanism 
Sep  4 15:39:20 cu-cs-vm dbus[471]: [system] Successfully activated service 'org.blueman.Mechanism'
Sep  4 15:39:20 cu-cs-vm blueman-mechanism: loading Config 
Sep  4 15:39:20 cu-cs-vm blueman-mechanism: loading Network 
Sep  4 15:39:20 cu-cs-vm blueman-mechanism: loading Ppp 
Sep  4 15:39:20 cu-cs-vm blueman-mechanism: loading RfKill 
Sep  4 15:39:22 cu-cs-vm NetworkManager[731]: <info> WiFi hardware radio set enabled
Sep  4 15:39:33 cu-cs-vm NetworkManager[731]: <info> (eth0): IP6 addrconf timed out or failed.
Sep  4 15:39:33 cu-cs-vm NetworkManager[731]: <info> Activation (eth0) Stage 4 of 5 (IPv6 Configure Timeout) scheduled...
Sep  4 15:39:33 cu-cs-vm NetworkManager[731]: <info> Activation (eth0) Stage 4 of 5 (IPv6 Configure Timeout) started...
Sep  4 15:39:33 cu-cs-vm NetworkManager[731]: <info> Activation (eth0) Stage 4 of 5 (IPv6 Configure Timeout) complete.
Sep  4 15:39:50 cu-cs-vm blueman-mechanism: Exiting 
Sep  4 15:49:16 cu-cs-vm uptimed: moving up to position 4: 0 days, 00:10:10
Sep  4 16:09:17 cu-cs-vm rsyslogd: [origin software="rsyslogd" swVersion="7.4.4" x-pid="673" x-info="http://www.rsyslog.com"] start
Sep  4 16:09:17 cu-cs-vm rsyslogd: rsyslogd's groupid changed to 104
Sep  4 16:09:17 cu-cs-vm rsyslogd: rsyslogd's userid changed to 101
Sep  4 16:09:17 cu-cs-vm kernel: [    0.000000] Initializing cgroup subsys cpuset
Sep  4 16:09:17 cu-cs-vm kernel: [    0.000000] Initializing cgroup subsys cpu
Sep  4 16:09:17 cu-cs-vm kernel: [    0.000000] Initializing cgroup subsys cpuacct
Sep  4 16:09:17 cu-cs-vm kernel: [    0.000000] Linux version 3.13.11-ckt25banana (root@cu-cs-vm) (gcc version 4.8.4 (Ubuntu 4.8.4-2ubuntu1~14.04) ) #1 SMP Thu Sep 3 18:14:56 MDT 2015 (Ubuntu 3.19.0-27.29~14.04.1-generic 3.19.8-ckt5)
Sep  4 16:09:17 cu-cs-vm kernel: [    0.000000] Command line: BOOT_IMAGE=/@/boot/vmlinuz-3.13.11-ckt25banana root=UUID=63bfbefa-043b-4015-b46d-90a73b0826fe ro rootflags=subvol=@ crashkernel=384M-:128M
Sep  4 16:09:17 cu-cs-vm kernel: [    0.000000] KERNEL supported cpus:
Sep  4 16:09:17 cu-cs-vm kernel: [    0.000000]   Intel GenuineIntel
Sep  4 16:09:17 cu-cs-vm kernel: [    0.000000]   AMD AuthenticAMD
Sep  4 16:09:17 cu-cs-vm kernel: [    0.000000]   Centaur CentaurHauls
Sep  4 16:09:17 cu-cs-vm kernel: [    0.000000] e820: BIOS-provided physical RAM map:
Sep  4 16:09:17 cu-cs-vm kernel: [    0.000000] BIOS-e820: [mem 0x0000000000000000-0x000000000009fbff] usable
Sep  4 16:09:17 cu-cs-vm kernel: [    0.000000] BIOS-e820: [mem 0x000000000009fc00-0x000000000009ffff] reserved
Sep  4 16:09:17 cu-cs-vm kernel: [    0.000000] BIOS-e820: [mem 0x00000000000f0000-0x00000000000fffff] reserved
Sep  4 16:09:17 cu-cs-vm kernel: [    0.000000] BIOS-e820: [mem 0x0000000000100000-0x00000000dbfeffff] usable
Sep  4 16:09:17 cu-cs-vm kernel: [    0.000000] BIOS-e820: [mem 0x00000000dbff0000-0x00000000dbffffff] ACPI data
Sep  4 16:09:17 cu-cs-vm kernel: [    0.000000] BIOS-e820: [mem 0x00000000fffc0000-0x00000000ffffffff] reserved
Sep  4 16:09:17 cu-cs-vm kernel: [    0.000000] BIOS-e820: [mem 0x0000000100000000-0x0000000189ffffff] usable
Sep  4 16:09:17 cu-cs-vm kernel: [    0.000000] NX (Execute Disable) protection: active
Sep  4 16:09:17 cu-cs-vm kernel: [    0.000000] SMBIOS 2.5 present.
Sep  4 16:09:17 cu-cs-vm kernel: [    0.000000] DMI: innotek GmbH VirtualBox/VirtualBox, BIOS VirtualBox 12/01/2006
Sep  4 16:09:17 cu-cs-vm kernel: [    0.000000] e820: update [mem 0x00000000-0x00000fff] usable ==> reserved
Sep  4 16:09:17 cu-cs-vm kernel: [    0.000000] e820: remove [mem 0x000a0000-0x000fffff] usable
Sep  4 16:09:17 cu-cs-vm kernel: [    0.000000] No AGP bridge found
Sep  4 16:09:17 cu-cs-vm kernel: [    0.000000] e820: last_pfn = 0x18a000 max_arch_pfn = 0x400000000
Sep  4 16:09:17 cu-cs-vm kernel: [    0.000000] MTRR default type: uncachable
Sep  4 16:09:17 cu-cs-vm kernel: [    0.000000] MTRR variable ranges disabled:
Sep  4 16:09:17 cu-cs-vm kernel: [    0.000000] x86 PAT enabled: cpu 0, old 0x7040600070406, new 0x7010600070106
Sep  4 16:09:17 cu-cs-vm kernel: [    0.000000] CPU MTRRs all blank - virtualized system.
Sep  4 16:09:17 cu-cs-vm kernel: [    0.000000] e820: last_pfn = 0xdbff0 max_arch_pfn = 0x400000000
Sep  4 16:09:17 cu-cs-vm kernel: [    0.000000] found SMP MP-table at [mem 0x0009fff0-0x0009ffff] mapped at [ffff88000009fff0]
Sep  4 16:09:17 cu-cs-vm kernel: [    0.000000] Scanning 1 areas for low memory corruption
Sep  4 16:09:17 cu-cs-vm kernel: [    0.000000] Base memory trampoline at [ffff880000099000] 99000 size 24576
Sep  4 16:09:17 cu-cs-vm kernel: [    0.000000] init_memory_mapping: [mem 0x00000000-0x000fffff]
Sep  4 16:09:17 cu-cs-vm kernel: [    0.000000]  [mem 0x00000000-0x000fffff] page 4k
Sep  4 16:09:17 cu-cs-vm kernel: [    0.000000] BRK [0x01fcf000, 0x01fcffff] PGTABLE
Sep  4 16:09:17 cu-cs-vm kernel: [    0.000000] BRK [0x01fd0000, 0x01fd0fff] PGTABLE
Sep  4 16:09:17 cu-cs-vm kernel: [    0.000000] BRK [0x01fd1000, 0x01fd1fff] PGTABLE
Sep  4 16:09:17 cu-cs-vm kernel: [    0.000000] init_memory_mapping: [mem 0x189e00000-0x189ffffff]
Sep  4 16:09:17 cu-cs-vm kernel: [    0.000000]  [mem 0x189e00000-0x189ffffff] page 2M
Sep  4 16:09:17 cu-cs-vm kernel: [    0.000000] BRK [0x01fd2000, 0x01fd2fff] PGTABLE
Sep  4 16:09:17 cu-cs-vm kernel: [    0.000000] init_memory_mapping: [mem 0x188000000-0x189dfffff]
Sep  4 16:09:17 cu-cs-vm kernel: [    0.000000]  [mem 0x188000000-0x189dfffff] page 2M
Sep  4 16:09:17 cu-cs-vm kernel: [    0.000000] init_memory_mapping: [mem 0x180000000-0x187ffffff]
Sep  4 16:09:17 cu-cs-vm kernel: [    0.000000]  [mem 0x180000000-0x187ffffff] page 2M
Sep  4 16:09:17 cu-cs-vm kernel: [    0.000000] init_memory_mapping: [mem 0x00100000-0xdbfeffff]
Sep  4 16:09:17 cu-cs-vm kernel: [    0.000000]  [mem 0x00100000-0x001fffff] page 4k
Sep  4 16:09:17 cu-cs-vm kernel: [    0.000000]  [mem 0x00200000-0xdbdfffff] page 2M
Sep  4 16:09:17 cu-cs-vm kernel: [    0.000000]  [mem 0xdbe00000-0xdbfeffff] page 4k
Sep  4 16:09:17 cu-cs-vm kernel: [    0.000000] init_memory_mapping: [mem 0x100000000-0x17fffffff]
Sep  4 16:09:17 cu-cs-vm kernel: [    0.000000]  [mem 0x100000000-0x17fffffff] page 2M
Sep  4 16:09:17 cu-cs-vm kernel: [    0.000000] BRK [0x01fd3000, 0x01fd3fff] PGTABLE
Sep  4 16:09:17 cu-cs-vm kernel: [    0.000000] BRK [0x01fd4000, 0x01fd4fff] PGTABLE
Sep  4 16:09:17 cu-cs-vm kernel: [    0.000000] RAMDISK: [mem 0x35ba8000-0x36dcbfff]
Sep  4 16:09:17 cu-cs-vm kernel: [    0.000000] ACPI: RSDP 00000000000e0000 000024 (v02 VBOX  )
Sep  4 16:09:17 cu-cs-vm kernel: [    0.000000] ACPI: XSDT 00000000dbff0040 00004C (v01 VBOX   VBOXXSDT 00000001 ASL  00000061)
Sep  4 16:09:17 cu-cs-vm kernel: [    0.000000] ACPI: FACP 00000000dbff0110 0000F4 (v04 VBOX   VBOXFACP 00000001 ASL  00000061)
Sep  4 16:09:17 cu-cs-vm kernel: [    0.000000] ACPI: DSDT 00000000dbff0540 001BF1 (v01 VBOX   VBOXBIOS 00000002 INTL 20100528)
Sep  4 16:09:17 cu-cs-vm kernel: [    0.000000] ACPI: FACS 00000000dbff0240 000040
Sep  4 16:09:17 cu-cs-vm kernel: [    0.000000] ACPI: APIC 00000000dbff0280 00006C (v02 VBOX   VBOXAPIC 00000001 ASL  00000061)
Sep  4 16:09:17 cu-cs-vm kernel: [    0.000000] ACPI: HPET 00000000dbff02f0 000038 (v01 VBOX   VBOXHPET 00000001 ASL  00000061)
Sep  4 16:09:17 cu-cs-vm kernel: [    0.000000] ACPI: MCFG 00000000dbff0330 00003C (v01 VBOX   VBOXMCFG 00000001 ASL  00000061)
Sep  4 16:09:17 cu-cs-vm kernel: [    0.000000] ACPI: SSDT 00000000dbff0370 0001CC (v01 VBOX   VBOXCPUT 00000002 INTL 20100528)
Sep  4 16:09:17 cu-cs-vm kernel: [    0.000000] ACPI: Local APIC address 0xfee00000
Sep  4 16:09:17 cu-cs-vm kernel: [    0.000000] No NUMA configuration found
Sep  4 16:09:17 cu-cs-vm kernel: [    0.000000] Faking a node at [mem 0x0000000000000000-0x0000000189ffffff]
Sep  4 16:09:17 cu-cs-vm kernel: [    0.000000] Initmem setup node 0 [mem 0x00000000-0x189ffffff]
Sep  4 16:09:17 cu-cs-vm kernel: [    0.000000]   NODE_DATA [mem 0x189ff7000-0x189ffbfff]
Sep  4 16:09:17 cu-cs-vm kernel: [    0.000000] Reserving 128MB of memory at 720MB for crashkernel (System RAM: 5727MB)
Sep  4 16:09:17 cu-cs-vm kernel: [    0.000000]  [ffffea0000000000-ffffea00063fffff] PMD -> [ffff880183a00000-ffff8801895fffff] on node 0
Sep  4 16:09:17 cu-cs-vm kernel: [    0.000000] Zone ranges:
Sep  4 16:09:17 cu-cs-vm kernel: [    0.000000]   DMA      [mem 0x00001000-0x00ffffff]
Sep  4 16:09:17 cu-cs-vm kernel: [    0.000000]   DMA32    [mem 0x01000000-0xffffffff]
Sep  4 16:09:17 cu-cs-vm kernel: [    0.000000]   Normal   [mem 0x100000000-0x189ffffff]
Sep  4 16:09:17 cu-cs-vm kernel: [    0.000000] Movable zone start for each node
Sep  4 16:09:17 cu-cs-vm kernel: [    0.000000] Early memory node ranges
Sep  4 16:09:17 cu-cs-vm kernel: [    0.000000]   node   0: [mem 0x00001000-0x0009efff]
Sep  4 16:09:17 cu-cs-vm kernel: [    0.000000]   node   0: [mem 0x00100000-0xdbfeffff]
Sep  4 16:09:17 cu-cs-vm kernel: [    0.000000]   node   0: [mem 0x100000000-0x189ffffff]
Sep  4 16:09:17 cu-cs-vm kernel: [    0.000000] On node 0 totalpages: 1466254
Sep  4 16:09:17 cu-cs-vm kernel: [    0.000000]   DMA zone: 64 pages used for memmap
Sep  4 16:09:17 cu-cs-vm kernel: [    0.000000]   DMA zone: 21 pages reserved
Sep  4 16:09:17 cu-cs-vm kernel: [    0.000000]   DMA zone: 3998 pages, LIFO batch:0
Sep  4 16:09:17 cu-cs-vm kernel: [    0.000000]   DMA32 zone: 14016 pages used for memmap
Sep  4 16:09:17 cu-cs-vm kernel: [    0.000000]   DMA32 zone: 897008 pages, LIFO batch:31
Sep  4 16:09:17 cu-cs-vm kernel: [    0.000000]   Normal zone: 8832 pages used for memmap
Sep  4 16:09:17 cu-cs-vm kernel: [    0.000000]   Normal zone: 565248 pages, LIFO batch:31
Sep  4 16:09:17 cu-cs-vm kernel: [    0.000000] ACPI: PM-Timer IO Port: 0x4008
Sep  4 16:09:17 cu-cs-vm kernel: [    0.000000] ACPI: Local APIC address 0xfee00000
Sep  4 16:09:17 cu-cs-vm kernel: [    0.000000] ACPI: LAPIC (acpi_id[0x00] lapic_id[0x00] enabled)
Sep  4 16:09:17 cu-cs-vm kernel: [    0.000000] ACPI: LAPIC (acpi_id[0x01] lapic_id[0x01] enabled)
Sep  4 16:09:17 cu-cs-vm kernel: [    0.000000] ACPI: LAPIC (acpi_id[0x02] lapic_id[0x02] enabled)
Sep  4 16:09:17 cu-cs-vm kernel: [    0.000000] ACPI: LAPIC (acpi_id[0x03] lapic_id[0x03] enabled)
Sep  4 16:09:17 cu-cs-vm kernel: [    0.000000] ACPI: IOAPIC (id[0x04] address[0xfec00000] gsi_base[0])
Sep  4 16:09:17 cu-cs-vm kernel: [    0.000000] IOAPIC[0]: apic_id 4, version 17, address 0xfec00000, GSI 0-23
Sep  4 16:09:17 cu-cs-vm kernel: [    0.000000] ACPI: INT_SRC_OVR (bus 0 bus_irq 0 global_irq 2 dfl dfl)
Sep  4 16:09:17 cu-cs-vm kernel: [    0.000000] ACPI: INT_SRC_OVR (bus 0 bus_irq 9 global_irq 9 high level)
Sep  4 16:09:17 cu-cs-vm kernel: [    0.000000] ACPI: IRQ0 used by override.
Sep  4 16:09:17 cu-cs-vm kernel: [    0.000000] ACPI: IRQ2 used by override.
Sep  4 16:09:17 cu-cs-vm kernel: [    0.000000] ACPI: IRQ9 used by override.
Sep  4 16:09:17 cu-cs-vm kernel: [    0.000000] Using ACPI (MADT) for SMP configuration information
Sep  4 16:09:17 cu-cs-vm kernel: [    0.000000] ACPI: HPET id: 0x8086a201 base: 0xfed00000
Sep  4 16:09:17 cu-cs-vm kernel: [    0.000000] smpboot: Allowing 4 CPUs, 0 hotplug CPUs
Sep  4 16:09:17 cu-cs-vm kernel: [    0.000000] nr_irqs_gsi: 40
Sep  4 16:09:17 cu-cs-vm kernel: [    0.000000] PM: Registered nosave memory: [mem 0x0009f000-0x0009ffff]
Sep  4 16:09:17 cu-cs-vm kernel: [    0.000000] PM: Registered nosave memory: [mem 0x000a0000-0x000effff]
Sep  4 16:09:17 cu-cs-vm kernel: [    0.000000] PM: Registered nosave memory: [mem 0x000f0000-0x000fffff]
Sep  4 16:09:17 cu-cs-vm kernel: [    0.000000] PM: Registered nosave memory: [mem 0xdbff0000-0xdbffffff]
Sep  4 16:09:17 cu-cs-vm kernel: [    0.000000] PM: Registered nosave memory: [mem 0xdc000000-0xfffbffff]
Sep  4 16:09:17 cu-cs-vm kernel: [    0.000000] PM: Registered nosave memory: [mem 0xfffc0000-0xffffffff]
Sep  4 16:09:17 cu-cs-vm kernel: [    0.000000] e820: [mem 0xdc000000-0xfffbffff] available for PCI devices
Sep  4 16:09:17 cu-cs-vm kernel: [    0.000000] Booting paravirtualized kernel on bare hardware
Sep  4 16:09:17 cu-cs-vm kernel: [    0.000000] setup_percpu: NR_CPUS:256 nr_cpumask_bits:256 nr_cpu_ids:4 nr_node_ids:1
Sep  4 16:09:17 cu-cs-vm kernel: [    0.000000] PERCPU: Embedded 27 pages/cpu @ffff880189c00000 s81408 r8192 d20992 u524288
Sep  4 16:09:17 cu-cs-vm kernel: [    0.000000] pcpu-alloc: s81408 r8192 d20992 u524288 alloc=1*2097152
Sep  4 16:09:17 cu-cs-vm kernel: [    0.000000] pcpu-alloc: [0] 0 1 2 3 
Sep  4 16:09:17 cu-cs-vm kernel: [    0.000000] Built 1 zonelists in Node order, mobility grouping on.  Total pages: 1443321
Sep  4 16:09:17 cu-cs-vm kernel: [    0.000000] Policy zone: Normal
Sep  4 16:09:17 cu-cs-vm kernel: [    0.000000] Kernel command line: BOOT_IMAGE=/@/boot/vmlinuz-3.13.11-ckt25banana root=UUID=63bfbefa-043b-4015-b46d-90a73b0826fe ro rootflags=subvol=@ crashkernel=384M-:128M
Sep  4 16:09:17 cu-cs-vm kernel: [    0.000000] PID hash table entries: 4096 (order: 3, 32768 bytes)
Sep  4 16:09:17 cu-cs-vm kernel: [    0.000000] xsave: enabled xstate_bv 0x7, cntxt size 0x340
Sep  4 16:09:17 cu-cs-vm kernel: [    0.000000] Checking aperture...
Sep  4 16:09:17 cu-cs-vm kernel: [    0.000000] No AGP bridge found
Sep  4 16:09:17 cu-cs-vm kernel: [    0.000000] Calgary: detecting Calgary via BIOS EBDA area
Sep  4 16:09:17 cu-cs-vm kernel: [    0.000000] Calgary: Unable to locate Rio Grande table in EBDA - bailing!
Sep  4 16:09:17 cu-cs-vm kernel: [    0.000000] Memory: 5538096K/5865016K available (7328K kernel code, 1098K rwdata, 3324K rodata, 1328K init, 1432K bss, 326920K reserved)
Sep  4 16:09:17 cu-cs-vm kernel: [    0.000000] SLUB: HWalign=64, Order=0-3, MinObjects=0, CPUs=4, Nodes=1
Sep  4 16:09:17 cu-cs-vm kernel: [    0.000000] Hierarchical RCU implementation.
Sep  4 16:09:17 cu-cs-vm kernel: [    0.000000] 	RCU dyntick-idle grace-period acceleration is enabled.
Sep  4 16:09:17 cu-cs-vm kernel: [    0.000000] 	RCU restricting CPUs from NR_CPUS=256 to nr_cpu_ids=4.
Sep  4 16:09:17 cu-cs-vm kernel: [    0.000000] 	Offload RCU callbacks from all CPUs
Sep  4 16:09:17 cu-cs-vm kernel: [    0.000000] 	Offload RCU callbacks from CPUs: 0-3.
Sep  4 16:09:17 cu-cs-vm kernel: [    0.000000] NR_IRQS:16640 nr_irqs:712 16
Sep  4 16:09:17 cu-cs-vm kernel: [    0.000000] Console: colour dummy device 80x25
Sep  4 16:09:17 cu-cs-vm kernel: [    0.000000] console [tty0] enabled
Sep  4 16:09:17 cu-cs-vm kernel: [    0.000000] allocated 24117248 bytes of page_cgroup
Sep  4 16:09:17 cu-cs-vm kernel: [    0.000000] please try 'cgroup_disable=memory' option if you don't want memory cgroups
Sep  4 16:09:17 cu-cs-vm kernel: [    0.000000] hpet clockevent registered
Sep  4 16:09:17 cu-cs-vm kernel: [    0.000000] tsc: Fast TSC calibration using PIT
Sep  4 16:09:17 cu-cs-vm kernel: [    0.004000] tsc: Detected 2699.904 MHz processor
Sep  4 16:09:17 cu-cs-vm kernel: [    0.000007] Calibrating delay loop (skipped), value calculated using timer frequency.. 5399.80 BogoMIPS (lpj=10799616)
Sep  4 16:09:17 cu-cs-vm kernel: [    0.000012] pid_max: default: 32768 minimum: 301
Sep  4 16:09:17 cu-cs-vm kernel: [    0.000043] Security Framework initialized
Sep  4 16:09:17 cu-cs-vm kernel: [    0.000058] AppArmor: AppArmor initialized
Sep  4 16:09:17 cu-cs-vm kernel: [    0.000061] Yama: becoming mindful.
Sep  4 16:09:17 cu-cs-vm kernel: [    0.001281] Dentry cache hash table entries: 1048576 (order: 11, 8388608 bytes)
Sep  4 16:09:17 cu-cs-vm kernel: [    0.008542] Inode-cache hash table entries: 524288 (order: 10, 4194304 bytes)
Sep  4 16:09:17 cu-cs-vm kernel: [    0.010233] Mount-cache hash table entries: 16384 (order: 5, 131072 bytes)
Sep  4 16:09:17 cu-cs-vm kernel: [    0.010247] Mountpoint-cache hash table entries: 16384 (order: 5, 131072 bytes)
Sep  4 16:09:17 cu-cs-vm kernel: [    0.010407] Initializing cgroup subsys memory
Sep  4 16:09:17 cu-cs-vm kernel: [    0.010413] Initializing cgroup subsys devices
Sep  4 16:09:17 cu-cs-vm kernel: [    0.010416] Initializing cgroup subsys freezer
Sep  4 16:09:17 cu-cs-vm kernel: [    0.010419] Initializing cgroup subsys blkio
Sep  4 16:09:17 cu-cs-vm kernel: [    0.010422] Initializing cgroup subsys perf_event
Sep  4 16:09:17 cu-cs-vm kernel: [    0.010426] Initializing cgroup subsys net_prio
Sep  4 16:09:17 cu-cs-vm kernel: [    0.010429] Initializing cgroup subsys hugetlb
Sep  4 16:09:17 cu-cs-vm kernel: [    0.010483] CPU: Physical Processor ID: 0
Sep  4 16:09:17 cu-cs-vm kernel: [    0.010486] CPU: Processor Core ID: 0
Sep  4 16:09:17 cu-cs-vm kernel: [    0.011378] mce: CPU supports 0 MCE banks
Sep  4 16:09:17 cu-cs-vm kernel: [    0.011403] Last level iTLB entries: 4KB 0, 2MB 0, 4MB 0
Sep  4 16:09:17 cu-cs-vm kernel: [    0.011403] Last level dTLB entries: 4KB 64, 2MB 0, 4MB 0
Sep  4 16:09:17 cu-cs-vm kernel: [    0.011403] tlb_flushall_shift: 6
Sep  4 16:09:17 cu-cs-vm kernel: [    0.012024] Freeing SMP alternatives memory: 28K (ffffffff81e60000 - ffffffff81e67000)
Sep  4 16:09:17 cu-cs-vm kernel: [    0.016164] ACPI: Core revision 20131115
Sep  4 16:09:17 cu-cs-vm kernel: [    0.016749] ACPI: All ACPI Tables successfully acquired
Sep  4 16:09:17 cu-cs-vm kernel: [    0.016809] ftrace: allocating 27959 entries in 110 pages
Sep  4 16:09:17 cu-cs-vm kernel: [    0.048451] ..TIMER: vector=0x30 apic1=0 pin1=2 apic2=-1 pin2=-1
Sep  4 16:09:17 cu-cs-vm kernel: [    0.088997] smpboot: CPU0: Intel(R) Core(TM) i5-5257U CPU @ 2.70GHz (fam: 06, model: 3d, stepping: 04)
Sep  4 16:09:17 cu-cs-vm kernel: [    0.193255] Performance Events: unsupported p6 CPU model 61 no PMU driver, software events only.
Sep  4 16:09:17 cu-cs-vm kernel: [    0.194502] NMI watchdog: disabled (cpu0): hardware events not enabled
Sep  4 16:09:17 cu-cs-vm kernel: [    0.194599] x86: Booting SMP configuration:
Sep  4 16:09:17 cu-cs-vm kernel: [    0.206848] mce: CPU supports 0 MCE banks
Sep  4 16:09:17 cu-cs-vm kernel: [    0.221432] mce: CPU supports 0 MCE banks
Sep  4 16:09:17 cu-cs-vm kernel: [    0.235801] mce: CPU supports 0 MCE banks
Sep  4 16:09:17 cu-cs-vm kernel: [    0.194602] .... node  #0, CPUs:      #1 #2 #3
Sep  4 16:09:17 cu-cs-vm kernel: [    0.237990] x86: Booted up 1 node, 4 CPUs
Sep  4 16:09:17 cu-cs-vm kernel: [    0.237998] smpboot: Total of 4 processors activated (21599.23 BogoMIPS)
Sep  4 16:09:17 cu-cs-vm kernel: [    0.240369] devtmpfs: initialized
Sep  4 16:09:17 cu-cs-vm kernel: [    0.241775] EVM: security.selinux
Sep  4 16:09:17 cu-cs-vm kernel: [    0.241779] EVM: security.SMACK64
Sep  4 16:09:17 cu-cs-vm kernel: [    0.241781] EVM: security.ima
Sep  4 16:09:17 cu-cs-vm kernel: [    0.241783] EVM: security.capability
Sep  4 16:09:17 cu-cs-vm kernel: [    0.242746] pinctrl core: initialized pinctrl subsystem
Sep  4 16:09:17 cu-cs-vm kernel: [    0.242796] regulator-dummy: no parameters
Sep  4 16:09:17 cu-cs-vm kernel: [    0.242826] RTC time: 22:09:10, date: 09/04/15
Sep  4 16:09:17 cu-cs-vm kernel: [    0.242856] NET: Registered protocol family 16
Sep  4 16:09:17 cu-cs-vm kernel: [    0.242934] cpuidle: using governor ladder
Sep  4 16:09:17 cu-cs-vm kernel: [    0.242937] cpuidle: using governor menu
Sep  4 16:09:17 cu-cs-vm kernel: [    0.242967] ACPI: bus type PCI registered
Sep  4 16:09:17 cu-cs-vm kernel: [    0.242970] acpiphp: ACPI Hot Plug PCI Controller Driver version: 0.5
Sep  4 16:09:17 cu-cs-vm kernel: [    0.243044] PCI: MMCONFIG for domain 0000 [bus 00-3f] at [mem 0xdc000000-0xdfffffff] (base 0xdc000000)
Sep  4 16:09:17 cu-cs-vm kernel: [    0.243048] PCI: not using MMCONFIG
Sep  4 16:09:17 cu-cs-vm kernel: [    0.243050] PCI: Using configuration type 1 for base access
Sep  4 16:09:17 cu-cs-vm kernel: [    0.243958] bio: create slab <bio-0> at 0
Sep  4 16:09:17 cu-cs-vm kernel: [    0.244225] ACPI: Added _OSI(Module Device)
Sep  4 16:09:17 cu-cs-vm kernel: [    0.244225] ACPI: Added _OSI(Processor Device)
Sep  4 16:09:17 cu-cs-vm kernel: [    0.244225] ACPI: Added _OSI(3.0 _SCP Extensions)
Sep  4 16:09:17 cu-cs-vm kernel: [    0.244225] ACPI: Added _OSI(Processor Aggregator Device)
Sep  4 16:09:17 cu-cs-vm kernel: [    0.245378] ACPI: Executed 1 blocks of module-level executable AML code
Sep  4 16:09:17 cu-cs-vm kernel: [    0.246921] ACPI: Interpreter enabled
Sep  4 16:09:17 cu-cs-vm kernel: [    0.246927] ACPI Exception: AE_NOT_FOUND, While evaluating Sleep State [\_S1_] (20131115/hwxface-580)
Sep  4 16:09:17 cu-cs-vm kernel: [    0.246932] ACPI Exception: AE_NOT_FOUND, While evaluating Sleep State [\_S2_] (20131115/hwxface-580)
Sep  4 16:09:17 cu-cs-vm kernel: [    0.246936] ACPI Exception: AE_NOT_FOUND, While evaluating Sleep State [\_S3_] (20131115/hwxface-580)
Sep  4 16:09:17 cu-cs-vm kernel: [    0.246940] ACPI Exception: AE_NOT_FOUND, While evaluating Sleep State [\_S4_] (20131115/hwxface-580)
Sep  4 16:09:17 cu-cs-vm kernel: [    0.246946] ACPI: (supports S0 S5)
Sep  4 16:09:17 cu-cs-vm kernel: [    0.246949] ACPI: Using IOAPIC for interrupt routing
Sep  4 16:09:17 cu-cs-vm kernel: [    0.247052] PCI: MMCONFIG for domain 0000 [bus 00-3f] at [mem 0xdc000000-0xdfffffff] (base 0xdc000000)
Sep  4 16:09:17 cu-cs-vm kernel: [    0.247184] PCI: MMCONFIG at [mem 0xdc000000-0xdfffffff] reserved in ACPI motherboard resources
